ins loop [ 67, 223, 172, 6 ]
	post-ins, 
		root Node1 
		185th child String 
		41st (grand)child String 
		0th (great grand)child String 
		253rd (great grand)child String
ins loop [ 185, 41, 0, 97 ]
	post-ins, 
		root Node4 
		185th child Node1 
		41st (grand)child Node1 
		0th (great grand)child Node1 
		253rd (great grand)child String
ins loop [ 17, 148, 105, 115 ]
	post-ins, 
		root Node4 
		185th child Node1 
		41st (grand)child Node1 
		0th (great grand)child Node1 
		253rd (great grand)child String
ins loop [ 178, 119, 49, 80 ]
	post-ins, 
		root Node4 
		185th child Node1 
		41st (grand)child Node1 
		0th (great grand)child Node1 
		253rd (great grand)child String
ins loop [ 140, 130, 190, 192 ]
	post-ins, 
		root Node16 
		185th child Node1 
		41st (grand)child Node1 
		0th (great grand)child Node1 
		253rd (great grand)child String
ins loop [ 6, 34, 120, 93 ]
	post-ins, 
		root Node16 
		185th child Node1 
		41st (grand)child Node1 
		0th (great grand)child Node1 
		253rd (great grand)child String
ins loop [ 13, 55, 102, 96 ]
	post-ins, 
		root Node16 
		185th child Node1 
		41st (grand)child Node1 
		0th (great grand)child Node1 
		253rd (great grand)child String
ins loop [ 72, 105, 17, 251 ]
	post-ins, 
		root Node16 
		185th child Node1 
		41st (grand)child Node1 
		0th (great grand)child Node1 
		253rd (great grand)child String
ins loop [ 127, 144, 217, 165 ]
	post-ins, 
		root Node16 
		185th child Node1 
		41st (grand)child Node1 
		0th (great grand)child Node1 
		253rd (great grand)child String
ins loop [ 182, 135, 24, 84 ]
	post-ins, 
		root Node16 
		185th child Node1 
		41st (grand)child Node1 
		0th (great grand)child Node1 
		253rd (great grand)child String
ins loop [ 48, 89, 0, 77 ]
	post-ins, 
		root Node16 
		185th child Node1 
		41st (grand)child Node1 
		0th (great grand)child Node1 
		253rd (great grand)child String
ins loop [ 32, 48, 70, 131 ]
	post-ins, 
		root Node16 
		185th child Node1 
		41st (grand)child Node1 
		0th (great grand)child Node1 
		253rd (great grand)child String
ins loop [ 97, 23, 227, 119 ]
	post-ins, 
		root Node16 
		185th child Node1 
		41st (grand)child Node1 
		0th (great grand)child Node1 
		253rd (great grand)child String
ins loop [ 244, 7, 131, 35 ]
	post-ins, 
		root Node16 
		185th child Node1 
		41st (grand)child Node1 
		0th (great grand)child Node1 
		253rd (great grand)child String
ins loop [ 25, 73, 78, 178 ]
	post-ins, 
		root Node16 
		185th child Node1 
		41st (grand)child Node1 
		0th (great grand)child Node1 
		253rd (great grand)child String
ins loop [ 250, 7, 55, 124 ]
	post-ins, 
		root Node16 
		185th child Node1 
		41st (grand)child Node1 
		0th (great grand)child Node1 
		253rd (great grand)child String
ins loop [ 90, 218, 241, 192 ]
	post-ins, 
		root Node48 
		185th child Node1 
		41st (grand)child Node1 
		0th (great grand)child Node1 
		253rd (great grand)child String
ins loop [ 248, 163, 96, 65 ]
	post-ins, 
		root Node48 
		185th child Node1 
		41st (grand)child Node1 
		0th (great grand)child Node1 
		253rd (great grand)child String
ins loop [ 151, 199, 180, 205 ]
	post-ins, 
		root Node48 
		185th child Node1 
		41st (grand)child Node1 
		0th (great grand)child Node1 
		253rd (great grand)child String
ins loop [ 93, 234, 245, 1 ]
	post-ins, 
		root Node48 
		185th child Node1 
		41st (grand)child Node1 
		0th (great grand)child Node1 
		253rd (great grand)child String
ins loop [ 245, 157, 47, 17 ]
	post-ins, 
		root Node48 
		185th child Node1 
		41st (grand)child Node1 
		0th (great grand)child Node1 
		253rd (great grand)child String
ins loop [ 88, 255, 169, 31 ]
	post-ins, 
		root Node48 
		185th child Node1 
		41st (grand)child Node1 
		0th (great grand)child Node1 
		253rd (great grand)child String
ins loop [ 63, 231, 121, 24 ]
	post-ins, 
		root Node48 
		185th child Node1 
		41st (grand)child Node1 
		0th (great grand)child Node1 
		253rd (great grand)child String
ins loop [ 125, 227, 8, 120 ]
	post-ins, 
		root Node48 
		185th child Node1 
		41st (grand)child Node1 
		0th (great grand)child Node1 
		253rd (great grand)child String
ins loop [ 153, 69, 172, 140 ]
	post-ins, 
		root Node48 
		185th child Node1 
		41st (grand)child Node1 
		0th (great grand)child Node1 
		253rd (great grand)child String
ins loop [ 250, 142, 239, 199 ]
	post-ins, 
		root Node48 
		185th child Node1 
		41st (grand)child Node1 
		0th (great grand)child Node1 
		253rd (great grand)child String
ins loop [ 212, 253, 122, 192 ]
	post-ins, 
		root Node48 
		185th child Node1 
		41st (grand)child Node1 
		0th (great grand)child Node1 
		253rd (great grand)child String
ins loop [ 216, 228, 221, 200 ]
	post-ins, 
		root Node48 
		185th child Node1 
		41st (grand)child Node1 
		0th (great grand)child Node1 
		253rd (great grand)child String
ins loop [ 12, 198, 207, 178 ]
	post-ins, 
		root Node48 
		185th child Node1 
		41st (grand)child Node1 
		0th (great grand)child Node1 
		253rd (great grand)child String
ins loop [ 241, 215, 4, 30 ]
	post-ins, 
		root Node48 
		185th child Node1 
		41st (grand)child Node1 
		0th (great grand)child Node1 
		253rd (great grand)child String
ins loop [ 57, 82, 44, 187 ]
	post-ins, 
		root Node48 
		185th child Node1 
		41st (grand)child Node1 
		0th (great grand)child Node1 
		253rd (great grand)child String
ins loop [ 62, 205, 70, 0 ]
	post-ins, 
		root Node48 
		185th child Node1 
		41st (grand)child Node1 
		0th (great grand)child Node1 
		253rd (great grand)child String
ins loop [ 33, 210, 202, 244 ]
	post-ins, 
		root Node48 
		185th child Node1 
		41st (grand)child Node1 
		0th (great grand)child Node1 
		253rd (great grand)child String
ins loop [ 55, 49, 229, 26 ]
	post-ins, 
		root Node48 
		185th child Node1 
		41st (grand)child Node1 
		0th (great grand)child Node1 
		253rd (great grand)child String
ins loop [ 44, 252, 154, 128 ]
	post-ins, 
		root Node48 
		185th child Node1 
		41st (grand)child Node1 
		0th (great grand)child Node1 
		253rd (great grand)child String
ins loop [ 235, 52, 251, 100 ]
	post-ins, 
		root Node48 
		185th child Node1 
		41st (grand)child Node1 
		0th (great grand)child Node1 
		253rd (great grand)child String
ins loop [ 163, 242, 203, 159 ]
	post-ins, 
		root Node48 
		185th child Node1 
		41st (grand)child Node1 
		0th (great grand)child Node1 
		253rd (great grand)child String
ins loop [ 143, 221, 79, 140 ]
	post-ins, 
		root Node48 
		185th child Node1 
		41st (grand)child Node1 
		0th (great grand)child Node1 
		253rd (great grand)child String
ins loop [ 118, 240, 230, 54 ]
	post-ins, 
		root Node48 
		185th child Node1 
		41st (grand)child Node1 
		0th (great grand)child Node1 
		253rd (great grand)child String
ins loop [ 12, 83, 68, 21 ]
	post-ins, 
		root Node48 
		185th child Node1 
		41st (grand)child Node1 
		0th (great grand)child Node1 
		253rd (great grand)child String
ins loop [ 78, 169, 78, 255 ]
	post-ins, 
		root Node48 
		185th child Node1 
		41st (grand)child Node1 
		0th (great grand)child Node1 
		253rd (great grand)child String
ins loop [ 92, 39, 46, 24 ]
	post-ins, 
		root Node48 
		185th child Node1 
		41st (grand)child Node1 
		0th (great grand)child Node1 
		253rd (great grand)child String
ins loop [ 133, 181, 128, 178 ]
	post-ins, 
		root Node48 
		185th child Node1 
		41st (grand)child Node1 
		0th (great grand)child Node1 
		253rd (great grand)child String
ins loop [ 216, 165, 34, 124 ]
	post-ins, 
		root Node48 
		185th child Node1 
		41st (grand)child Node1 
		0th (great grand)child Node1 
		253rd (great grand)child String
ins loop [ 78, 9, 171, 142 ]
	post-ins, 
		root Node48 
		185th child Node1 
		41st (grand)child Node1 
		0th (great grand)child Node1 
		253rd (great grand)child String
ins loop [ 136, 193, 44, 97 ]
	post-ins, 
		root Node48 
		185th child Node1 
		41st (grand)child Node1 
		0th (great grand)child Node1 
		253rd (great grand)child String
ins loop [ 192, 6, 108, 127 ]
	post-ins, 
		root Node48 
		185th child Node1 
		41st (grand)child Node1 
		0th (great grand)child Node1 
		253rd (great grand)child String
ins loop [ 82, 154, 129, 80 ]
	post-ins, 
		root Node48 
		185th child Node1 
		41st (grand)child Node1 
		0th (great grand)child Node1 
		253rd (great grand)child String
ins loop [ 228, 37, 215, 80 ]
	post-ins, 
		root Node48 
		185th child Node1 
		41st (grand)child Node1 
		0th (great grand)child Node1 
		253rd (great grand)child String
ins loop [ 103, 227, 170, 56 ]
	post-ins, 
		root Node48 
		185th child Node1 
		41st (grand)child Node1 
		0th (great grand)child Node1 
		253rd (great grand)child String
ins loop [ 100, 54, 109, 111 ]
	post-ins, 
		root Node48 
		185th child Node1 
		41st (grand)child Node1 
		0th (great grand)child Node1 
		253rd (great grand)child String
ins loop [ 105, 121, 134, 90 ]
	post-ins, 
		root Node48 
		185th child Node1 
		41st (grand)child Node1 
		0th (great grand)child Node1 
		253rd (great grand)child String
ins loop [ 116, 206, 151, 61 ]
	post-ins, 
		root Node256 
		185th child Node1 
		41st (grand)child Node1 
		0th (great grand)child Node1 
		253rd (great grand)child String
ins loop [ 95, 132, 209, 103 ]
	post-ins, 
		root Node256 
		185th child Node1 
		41st (grand)child Node1 
		0th (great grand)child Node1 
		253rd (great grand)child String
ins loop [ 87, 75, 120, 207 ]
	post-ins, 
		root Node256 
		185th child Node1 
		41st (grand)child Node1 
		0th (great grand)child Node1 
		253rd (great grand)child String
ins loop [ 35, 165, 67, 148 ]
	post-ins, 
		root Node256 
		185th child Node1 
		41st (grand)child Node1 
		0th (great grand)child Node1 
		253rd (great grand)child String
ins loop [ 26, 88, 176, 169 ]
	post-ins, 
		root Node256 
		185th child Node1 
		41st (grand)child Node1 
		0th (great grand)child Node1 
		253rd (great grand)child String
ins loop [ 92, 181, 249, 152 ]
	post-ins, 
		root Node256 
		185th child Node1 
		41st (grand)child Node1 
		0th (great grand)child Node1 
		253rd (great grand)child String
ins loop [ 106, 151, 186, 173 ]
	post-ins, 
		root Node256 
		185th child Node1 
		41st (grand)child Node1 
		0th (great grand)child Node1 
		253rd (great grand)child String
ins loop [ 41, 101, 196, 169 ]
	post-ins, 
		root Node256 
		185th child Node1 
		41st (grand)child Node1 
		0th (great grand)child Node1 
		253rd (great grand)child String
ins loop [ 31, 125, 193, 227 ]
	post-ins, 
		root Node256 
		185th child Node1 
		41st (grand)child Node1 
		0th (great grand)child Node1 
		253rd (great grand)child String
ins loop [ 172, 34, 123, 146 ]
	post-ins, 
		root Node256 
		185th child Node1 
		41st (grand)child Node1 
		0th (great grand)child Node1 
		253rd (great grand)child String
ins loop [ 100, 212, 78, 50 ]
	post-ins, 
		root Node256 
		185th child Node1 
		41st (grand)child Node1 
		0th (great grand)child Node1 
		253rd (great grand)child String
ins loop [ 245, 196, 61, 43 ]
	post-ins, 
		root Node256 
		185th child Node1 
		41st (grand)child Node1 
		0th (great grand)child Node1 
		253rd (great grand)child String
ins loop [ 77, 141, 242, 40 ]
	post-ins, 
		root Node256 
		185th child Node1 
		41st (grand)child Node1 
		0th (great grand)child Node1 
		253rd (great grand)child String
ins loop [ 36, 131, 247, 222 ]
	post-ins, 
		root Node256 
		185th child Node1 
		41st (grand)child Node1 
		0th (great grand)child Node1 
		253rd (great grand)child String
ins loop [ 174, 41, 36, 30 ]
	post-ins, 
		root Node256 
		185th child Node1 
		41st (grand)child Node1 
		0th (great grand)child Node1 
		253rd (great grand)child String
ins loop [ 190, 111, 177, 79 ]
	post-ins, 
		root Node256 
		185th child Node1 
		41st (grand)child Node1 
		0th (great grand)child Node1 
		253rd (great grand)child String
ins loop [ 129, 63, 205, 143 ]
	post-ins, 
		root Node256 
		185th child Node1 
		41st (grand)child Node1 
		0th (great grand)child Node1 
		253rd (great grand)child String
ins loop [ 162, 158, 178, 251 ]
	post-ins, 
		root Node256 
		185th child Node1 
		41st (grand)child Node1 
		0th (great grand)child Node1 
		253rd (great grand)child String
ins loop [ 203, 52, 124, 162 ]
	post-ins, 
		root Node256 
		185th child Node1 
		41st (grand)child Node1 
		0th (great grand)child Node1 
		253rd (great grand)child String
ins loop [ 142, 50, 12, 191 ]
	post-ins, 
		root Node256 
		185th child Node1 
		41st (grand)child Node1 
		0th (great grand)child Node1 
		253rd (great grand)child String
ins loop [ 209, 157, 204, 25 ]
	post-ins, 
		root Node256 
		185th child Node1 
		41st (grand)child Node1 
		0th (great grand)child Node1 
		253rd (great grand)child String
ins loop [ 105, 225, 117, 64 ]
	post-ins, 
		root Node256 
		185th child Node1 
		41st (grand)child Node1 
		0th (great grand)child Node1 
		253rd (great grand)child String
ins loop [ 191, 130, 162, 104 ]
	post-ins, 
		root Node256 
		185th child Node1 
		41st (grand)child Node1 
		0th (great grand)child Node1 
		253rd (great grand)child String
ins loop [ 90, 251, 105, 65 ]
	post-ins, 
		root Node256 
		185th child Node1 
		41st (grand)child Node1 
		0th (great grand)child Node1 
		253rd (great grand)child String
ins loop [ 155, 143, 130, 222 ]
	post-ins, 
		root Node256 
		185th child Node1 
		41st (grand)child Node1 
		0th (great grand)child Node1 
		253rd (great grand)child String
ins loop [ 48, 54, 189, 154 ]
	post-ins, 
		root Node256 
		185th child Node1 
		41st (grand)child Node1 
		0th (great grand)child Node1 
		253rd (great grand)child String
ins loop [ 158, 198, 74, 22 ]
	post-ins, 
		root Node256 
		185th child Node1 
		41st (grand)child Node1 
		0th (great grand)child Node1 
		253rd (great grand)child String
ins loop [ 194, 59, 229, 186 ]
	post-ins, 
		root Node256 
		185th child Node1 
		41st (grand)child Node1 
		0th (great grand)child Node1 
		253rd (great grand)child String
ins loop [ 170, 214, 153, 168 ]
	post-ins, 
		root Node256 
		185th child Node1 
		41st (grand)child Node1 
		0th (great grand)child Node1 
		253rd (great grand)child String
ins loop [ 1, 80, 46, 231 ]
	post-ins, 
		root Node256 
		185th child Node1 
		41st (grand)child Node1 
		0th (great grand)child Node1 
		253rd (great grand)child String
ins loop [ 150, 4, 111, 117 ]
	post-ins, 
		root Node256 
		185th child Node1 
		41st (grand)child Node1 
		0th (great grand)child Node1 
		253rd (great grand)child String
ins loop [ 26, 131, 35, 17 ]
	post-ins, 
		root Node256 
		185th child Node1 
		41st (grand)child Node1 
		0th (great grand)child Node1 
		253rd (great grand)child String
ins loop [ 11, 186, 93, 93 ]
	post-ins, 
		root Node256 
		185th child Node1 
		41st (grand)child Node1 
		0th (great grand)child Node1 
		253rd (great grand)child String
ins loop [ 245, 103, 134, 237 ]
	post-ins, 
		root Node256 
		185th child Node1 
		41st (grand)child Node1 
		0th (great grand)child Node1 
		253rd (great grand)child String
ins loop [ 242, 197, 105, 220 ]
	post-ins, 
		root Node256 
		185th child Node1 
		41st (grand)child Node1 
		0th (great grand)child Node1 
		253rd (great grand)child String
ins loop [ 175, 159, 132, 48 ]
	post-ins, 
		root Node256 
		185th child Node1 
		41st (grand)child Node1 
		0th (great grand)child Node1 
		253rd (great grand)child String
ins loop [ 165, 91, 226, 108 ]
	post-ins, 
		root Node256 
		185th child Node1 
		41st (grand)child Node1 
		0th (great grand)child Node1 
		253rd (great grand)child String
ins loop [ 40, 86, 39, 210 ]
	post-ins, 
		root Node256 
		185th child Node1 
		41st (grand)child Node1 
		0th (great grand)child Node1 
		253rd (great grand)child String
ins loop [ 149, 91, 190, 45 ]
	post-ins, 
		root Node256 
		185th child Node1 
		41st (grand)child Node1 
		0th (great grand)child Node1 
		253rd (great grand)child String
ins loop [ 12, 221, 101, 70 ]
	post-ins, 
		root Node256 
		185th child Node1 
		41st (grand)child Node1 
		0th (great grand)child Node1 
		253rd (great grand)child String
ins loop [ 9, 93, 107, 174 ]
	post-ins, 
		root Node256 
		185th child Node1 
		41st (grand)child Node1 
		0th (great grand)child Node1 
		253rd (great grand)child String
ins loop [ 161, 63, 38, 69 ]
	post-ins, 
		root Node256 
		185th child Node1 
		41st (grand)child Node1 
		0th (great grand)child Node1 
		253rd (great grand)child String
ins loop [ 125, 227, 201, 158 ]
	post-ins, 
		root Node256 
		185th child Node1 
		41st (grand)child Node1 
		0th (great grand)child Node1 
		253rd (great grand)child String
ins loop [ 198, 182, 83, 208 ]
	post-ins, 
		root Node256 
		185th child Node1 
		41st (grand)child Node1 
		0th (great grand)child Node1 
		253rd (great grand)child String
ins loop [ 222, 90, 236, 37 ]
	post-ins, 
		root Node256 
		185th child Node1 
		41st (grand)child Node1 
		0th (great grand)child Node1 
		253rd (great grand)child String
ins loop [ 229, 62, 103, 1 ]
	post-ins, 
		root Node256 
		185th child Node1 
		41st (grand)child Node1 
		0th (great grand)child Node1 
		253rd (great grand)child String
ins loop [ 77, 3, 43, 233 ]
	post-ins, 
		root Node256 
		185th child Node1 
		41st (grand)child Node1 
		0th (great grand)child Node1 
		253rd (great grand)child String
ins loop [ 54, 176, 62, 244 ]
	post-ins, 
		root Node256 
		185th child Node1 
		41st (grand)child Node1 
		0th (great grand)child Node1 
		253rd (great grand)child String
ins loop [ 158, 130, 181, 105 ]
	post-ins, 
		root Node256 
		185th child Node1 
		41st (grand)child Node1 
		0th (great grand)child Node1 
		253rd (great grand)child String
ins loop [ 40, 95, 154, 190 ]
	post-ins, 
		root Node256 
		185th child Node1 
		41st (grand)child Node1 
		0th (great grand)child Node1 
		253rd (great grand)child String
ins loop [ 243, 235, 240, 9 ]
	post-ins, 
		root Node256 
		185th child Node1 
		41st (grand)child Node1 
		0th (great grand)child Node1 
		253rd (great grand)child String
ins loop [ 43, 49, 198, 214 ]
	post-ins, 
		root Node256 
		185th child Node1 
		41st (grand)child Node1 
		0th (great grand)child Node1 
		253rd (great grand)child String
ins loop [ 32, 77, 65, 150 ]
	post-ins, 
		root Node256 
		185th child Node1 
		41st (grand)child Node1 
		0th (great grand)child Node1 
		253rd (great grand)child String
ins loop [ 15, 44, 19, 89 ]
	post-ins, 
		root Node256 
		185th child Node1 
		41st (grand)child Node1 
		0th (great grand)child Node1 
		253rd (great grand)child String
ins loop [ 61, 77, 48, 167 ]
	post-ins, 
		root Node256 
		185th child Node1 
		41st (grand)child Node1 
		0th (great grand)child Node1 
		253rd (great grand)child String
ins loop [ 67, 67, 221, 255 ]
	post-ins, 
		root Node256 
		185th child Node1 
		41st (grand)child Node1 
		0th (great grand)child Node1 
		253rd (great grand)child String
ins loop [ 121, 12, 49, 186 ]
	post-ins, 
		root Node256 
		185th child Node1 
		41st (grand)child Node1 
		0th (great grand)child Node1 
		253rd (great grand)child String
ins loop [ 158, 26, 152, 234 ]
	post-ins, 
		root Node256 
		185th child Node1 
		41st (grand)child Node1 
		0th (great grand)child Node1 
		253rd (great grand)child String
ins loop [ 254, 199, 108, 228 ]
	post-ins, 
		root Node256 
		185th child Node1 
		41st (grand)child Node1 
		0th (great grand)child Node1 
		253rd (great grand)child String
ins loop [ 178, 149, 130, 136 ]
	post-ins, 
		root Node256 
		185th child Node1 
		41st (grand)child Node1 
		0th (great grand)child Node1 
		253rd (great grand)child String
ins loop [ 134, 25, 8, 195 ]
	post-ins, 
		root Node256 
		185th child Node1 
		41st (grand)child Node1 
		0th (great grand)child Node1 
		253rd (great grand)child String
ins loop [ 196, 71, 218, 196 ]
	post-ins, 
		root Node256 
		185th child Node1 
		41st (grand)child Node1 
		0th (great grand)child Node1 
		253rd (great grand)child String
ins loop [ 221, 87, 63, 201 ]
	post-ins, 
		root Node256 
		185th child Node1 
		41st (grand)child Node1 
		0th (great grand)child Node1 
		253rd (great grand)child String
ins loop [ 14, 171, 232, 214 ]
	post-ins, 
		root Node256 
		185th child Node1 
		41st (grand)child Node1 
		0th (great grand)child Node1 
		253rd (great grand)child String
ins loop [ 216, 129, 209, 34 ]
	post-ins, 
		root Node256 
		185th child Node1 
		41st (grand)child Node1 
		0th (great grand)child Node1 
		253rd (great grand)child String
ins loop [ 173, 245, 173, 101 ]
	post-ins, 
		root Node256 
		185th child Node1 
		41st (grand)child Node1 
		0th (great grand)child Node1 
		253rd (great grand)child String
ins loop [ 99, 89, 228, 162 ]
	post-ins, 
		root Node256 
		185th child Node1 
		41st (grand)child Node1 
		0th (great grand)child Node1 
		253rd (great grand)child String
ins loop [ 94, 215, 34, 176 ]
	post-ins, 
		root Node256 
		185th child Node1 
		41st (grand)child Node1 
		0th (great grand)child Node1 
		253rd (great grand)child String
ins loop [ 125, 162, 154, 217 ]
	post-ins, 
		root Node256 
		185th child Node1 
		41st (grand)child Node1 
		0th (great grand)child Node1 
		253rd (great grand)child String
ins loop [ 42, 89, 166, 255 ]
	post-ins, 
		root Node256 
		185th child Node1 
		41st (grand)child Node1 
		0th (great grand)child Node1 
		253rd (great grand)child String
ins loop [ 103, 251, 203, 32 ]
	post-ins, 
		root Node256 
		185th child Node1 
		41st (grand)child Node1 
		0th (great grand)child Node1 
		253rd (great grand)child String
ins loop [ 194, 38, 211, 84 ]
	post-ins, 
		root Node256 
		185th child Node1 
		41st (grand)child Node1 
		0th (great grand)child Node1 
		253rd (great grand)child String
ins loop [ 90, 45, 122, 173 ]
	post-ins, 
		root Node256 
		185th child Node1 
		41st (grand)child Node1 
		0th (great grand)child Node1 
		253rd (great grand)child String
ins loop [ 98, 67, 248, 231 ]
	post-ins, 
		root Node256 
		185th child Node1 
		41st (grand)child Node1 
		0th (great grand)child Node1 
		253rd (great grand)child String
ins loop [ 171, 57, 164, 72 ]
	post-ins, 
		root Node256 
		185th child Node1 
		41st (grand)child Node1 
		0th (great grand)child Node1 
		253rd (great grand)child String
ins loop [ 172, 8, 149, 46 ]
	post-ins, 
		root Node256 
		185th child Node1 
		41st (grand)child Node1 
		0th (great grand)child Node1 
		253rd (great grand)child String
ins loop [ 141, 207, 126, 27 ]
	post-ins, 
		root Node256 
		185th child Node1 
		41st (grand)child Node1 
		0th (great grand)child Node1 
		253rd (great grand)child String
ins loop [ 141, 157, 104, 160 ]
	post-ins, 
		root Node256 
		185th child Node1 
		41st (grand)child Node1 
		0th (great grand)child Node1 
		253rd (great grand)child String
ins loop [ 111, 250, 10, 231 ]
	post-ins, 
		root Node256 
		185th child Node1 
		41st (grand)child Node1 
		0th (great grand)child Node1 
		253rd (great grand)child String
ins loop [ 34, 36, 158, 242 ]
	post-ins, 
		root Node256 
		185th child Node1 
		41st (grand)child Node1 
		0th (great grand)child Node1 
		253rd (great grand)child String
ins loop [ 86, 206, 150, 211 ]
	post-ins, 
		root Node256 
		185th child Node1 
		41st (grand)child Node1 
		0th (great grand)child Node1 
		253rd (great grand)child String
ins loop [ 227, 23, 230, 225 ]
	post-ins, 
		root Node256 
		185th child Node1 
		41st (grand)child Node1 
		0th (great grand)child Node1 
		253rd (great grand)child String
ins loop [ 83, 69, 73, 100 ]
	post-ins, 
		root Node256 
		185th child Node1 
		41st (grand)child Node1 
		0th (great grand)child Node1 
		253rd (great grand)child String
ins loop [ 157, 117, 144, 216 ]
	post-ins, 
		root Node256 
		185th child Node1 
		41st (grand)child Node1 
		0th (great grand)child Node1 
		253rd (great grand)child String
ins loop [ 31, 206, 90, 0 ]
	post-ins, 
		root Node256 
		185th child Node1 
		41st (grand)child Node1 
		0th (great grand)child Node1 
		253rd (great grand)child String
ins loop [ 169, 56, 218, 77 ]
	post-ins, 
		root Node256 
		185th child Node1 
		41st (grand)child Node1 
		0th (great grand)child Node1 
		253rd (great grand)child String
ins loop [ 132, 64, 180, 241 ]
	post-ins, 
		root Node256 
		185th child Node1 
		41st (grand)child Node1 
		0th (great grand)child Node1 
		253rd (great grand)child String
ins loop [ 147, 238, 66, 217 ]
	post-ins, 
		root Node256 
		185th child Node1 
		41st (grand)child Node1 
		0th (great grand)child Node1 
		253rd (great grand)child String
ins loop [ 218, 175, 196, 179 ]
	post-ins, 
		root Node256 
		185th child Node1 
		41st (grand)child Node1 
		0th (great grand)child Node1 
		253rd (great grand)child String
ins loop [ 206, 180, 202, 235 ]
	post-ins, 
		root Node256 
		185th child Node1 
		41st (grand)child Node1 
		0th (great grand)child Node1 
		253rd (great grand)child String
ins loop [ 117, 205, 0, 236 ]
	post-ins, 
		root Node256 
		185th child Node1 
		41st (grand)child Node1 
		0th (great grand)child Node1 
		253rd (great grand)child String
ins loop [ 87, 231, 137, 217 ]
	post-ins, 
		root Node256 
		185th child Node1 
		41st (grand)child Node1 
		0th (great grand)child Node1 
		253rd (great grand)child String
ins loop [ 165, 135, 239, 79 ]
	post-ins, 
		root Node256 
		185th child Node1 
		41st (grand)child Node1 
		0th (great grand)child Node1 
		253rd (great grand)child String
ins loop [ 94, 228, 234, 136 ]
	post-ins, 
		root Node256 
		185th child Node1 
		41st (grand)child Node1 
		0th (great grand)child Node1 
		253rd (great grand)child String
ins loop [ 114, 169, 88, 117 ]
	post-ins, 
		root Node256 
		185th child Node1 
		41st (grand)child Node1 
		0th (great grand)child Node1 
		253rd (great grand)child String
ins loop [ 111, 28, 112, 134 ]
	post-ins, 
		root Node256 
		185th child Node1 
		41st (grand)child Node1 
		0th (great grand)child Node1 
		253rd (great grand)child String
ins loop [ 3, 5, 127, 253 ]
	post-ins, 
		root Node256 
		185th child Node1 
		41st (grand)child Node1 
		0th (great grand)child Node1 
		253rd (great grand)child String
ins loop [ 194, 8, 64, 237 ]
	post-ins, 
		root Node256 
		185th child Node1 
		41st (grand)child Node1 
		0th (great grand)child Node1 
		253rd (great grand)child String
ins loop [ 109, 132, 66, 69 ]
	post-ins, 
		root Node256 
		185th child Node1 
		41st (grand)child Node1 
		0th (great grand)child Node1 
		253rd (great grand)child String
ins loop [ 228, 152, 3, 14 ]
	post-ins, 
		root Node256 
		185th child Node1 
		41st (grand)child Node1 
		0th (great grand)child Node1 
		253rd (great grand)child String
ins loop [ 236, 47, 96, 181 ]
	post-ins, 
		root Node256 
		185th child Node1 
		41st (grand)child Node1 
		0th (great grand)child Node1 
		253rd (great grand)child String
ins loop [ 140, 132, 62, 105 ]
	post-ins, 
		root Node256 
		185th child Node1 
		41st (grand)child Node1 
		0th (great grand)child Node1 
		253rd (great grand)child String
ins loop [ 184, 144, 62, 105 ]
	post-ins, 
		root Node256 
		185th child Node1 
		41st (grand)child Node1 
		0th (great grand)child Node1 
		253rd (great grand)child String
ins loop [ 50, 197, 230, 36 ]
	post-ins, 
		root Node256 
		185th child Node1 
		41st (grand)child Node1 
		0th (great grand)child Node1 
		253rd (great grand)child String
ins loop [ 191, 119, 78, 244 ]
	post-ins, 
		root Node256 
		185th child Node1 
		41st (grand)child Node1 
		0th (great grand)child Node1 
		253rd (great grand)child String
ins loop [ 177, 138, 220, 230 ]
	post-ins, 
		root Node256 
		185th child Node1 
		41st (grand)child Node1 
		0th (great grand)child Node1 
		253rd (great grand)child String
ins loop [ 213, 175, 150, 204 ]
	post-ins, 
		root Node256 
		185th child Node1 
		41st (grand)child Node1 
		0th (great grand)child Node1 
		253rd (great grand)child String
ins loop [ 160, 217, 228, 81 ]
	post-ins, 
		root Node256 
		185th child Node1 
		41st (grand)child Node1 
		0th (great grand)child Node1 
		253rd (great grand)child String
ins loop [ 109, 145, 162, 162 ]
	post-ins, 
		root Node256 
		185th child Node1 
		41st (grand)child Node1 
		0th (great grand)child Node1 
		253rd (great grand)child String
ins loop [ 53, 146, 164, 157 ]
	post-ins, 
		root Node256 
		185th child Node1 
		41st (grand)child Node1 
		0th (great grand)child Node1 
		253rd (great grand)child String
ins loop [ 230, 174, 155, 32 ]
	post-ins, 
		root Node256 
		185th child Node1 
		41st (grand)child Node1 
		0th (great grand)child Node1 
		253rd (great grand)child String
ins loop [ 153, 153, 130, 205 ]
	post-ins, 
		root Node256 
		185th child Node1 
		41st (grand)child Node1 
		0th (great grand)child Node1 
		253rd (great grand)child String
ins loop [ 52, 38, 158, 87 ]
	post-ins, 
		root Node256 
		185th child Node1 
		41st (grand)child Node1 
		0th (great grand)child Node1 
		253rd (great grand)child String
ins loop [ 135, 3, 68, 208 ]
	post-ins, 
		root Node256 
		185th child Node1 
		41st (grand)child Node1 
		0th (great grand)child Node1 
		253rd (great grand)child String
ins loop [ 38, 147, 254, 110 ]
	post-ins, 
		root Node256 
		185th child Node1 
		41st (grand)child Node1 
		0th (great grand)child Node1 
		253rd (great grand)child String
ins loop [ 56, 183, 195, 206 ]
	post-ins, 
		root Node256 
		185th child Node1 
		41st (grand)child Node1 
		0th (great grand)child Node1 
		253rd (great grand)child String
ins loop [ 181, 7, 5, 28 ]
	post-ins, 
		root Node256 
		185th child Node1 
		41st (grand)child Node1 
		0th (great grand)child Node1 
		253rd (great grand)child String
ins loop [ 207, 206, 239, 191 ]
	post-ins, 
		root Node256 
		185th child Node1 
		41st (grand)child Node1 
		0th (great grand)child Node1 
		253rd (great grand)child String
ins loop [ 38, 203, 10, 141 ]
	post-ins, 
		root Node256 
		185th child Node1 
		41st (grand)child Node1 
		0th (great grand)child Node1 
		253rd (great grand)child String
ins loop [ 128, 202, 160, 128 ]
	post-ins, 
		root Node256 
		185th child Node1 
		41st (grand)child Node1 
		0th (great grand)child Node1 
		253rd (great grand)child String
ins loop [ 254, 103, 60, 174 ]
	post-ins, 
		root Node256 
		185th child Node1 
		41st (grand)child Node1 
		0th (great grand)child Node1 
		253rd (great grand)child String
ins loop [ 70, 149, 171, 241 ]
	post-ins, 
		root Node256 
		185th child Node1 
		41st (grand)child Node1 
		0th (great grand)child Node1 
		253rd (great grand)child String
ins loop [ 13, 135, 87, 133 ]
	post-ins, 
		root Node256 
		185th child Node1 
		41st (grand)child Node1 
		0th (great grand)child Node1 
		253rd (great grand)child String
ins loop [ 57, 210, 2, 0 ]
	post-ins, 
		root Node256 
		185th child Node1 
		41st (grand)child Node1 
		0th (great grand)child Node1 
		253rd (great grand)child String
ins loop [ 254, 18, 237, 102 ]
	post-ins, 
		root Node256 
		185th child Node1 
		41st (grand)child Node1 
		0th (great grand)child Node1 
		253rd (great grand)child String
ins loop [ 205, 110, 189, 20 ]
	post-ins, 
		root Node256 
		185th child Node1 
		41st (grand)child Node1 
		0th (great grand)child Node1 
		253rd (great grand)child String
ins loop [ 228, 5, 106, 133 ]
	post-ins, 
		root Node256 
		185th child Node1 
		41st (grand)child Node1 
		0th (great grand)child Node1 
		253rd (great grand)child String
ins loop [ 77, 23, 138, 141 ]
	post-ins, 
		root Node256 
		185th child Node1 
		41st (grand)child Node1 
		0th (great grand)child Node1 
		253rd (great grand)child String
ins loop [ 120, 198, 148, 113 ]
	post-ins, 
		root Node256 
		185th child Node1 
		41st (grand)child Node1 
		0th (great grand)child Node1 
		253rd (great grand)child String
ins loop [ 0, 216, 194, 180 ]
	post-ins, 
		root Node256 
		185th child Node1 
		41st (grand)child Node1 
		0th (great grand)child Node1 
		253rd (great grand)child String
ins loop [ 205, 243, 112, 79 ]
	post-ins, 
		root Node256 
		185th child Node1 
		41st (grand)child Node1 
		0th (great grand)child Node1 
		253rd (great grand)child String
ins loop [ 198, 3, 48, 251 ]
	post-ins, 
		root Node256 
		185th child Node1 
		41st (grand)child Node1 
		0th (great grand)child Node1 
		253rd (great grand)child String
ins loop [ 17, 20, 147, 92 ]
	post-ins, 
		root Node256 
		185th child Node1 
		41st (grand)child Node1 
		0th (great grand)child Node1 
		253rd (great grand)child String
ins loop [ 214, 99, 21, 17 ]
	post-ins, 
		root Node256 
		185th child Node1 
		41st (grand)child Node1 
		0th (great grand)child Node1 
		253rd (great grand)child String
ins loop [ 143, 146, 147, 207 ]
	post-ins, 
		root Node256 
		185th child Node1 
		41st (grand)child Node1 
		0th (great grand)child Node1 
		253rd (great grand)child String
ins loop [ 249, 55, 53, 10 ]
	post-ins, 
		root Node256 
		185th child Node1 
		41st (grand)child Node1 
		0th (great grand)child Node1 
		253rd (great grand)child String
ins loop [ 20, 68, 82, 249 ]
	post-ins, 
		root Node256 
		185th child Node1 
		41st (grand)child Node1 
		0th (great grand)child Node1 
		253rd (great grand)child String
ins loop [ 121, 186, 149, 206 ]
	post-ins, 
		root Node256 
		185th child Node1 
		41st (grand)child Node1 
		0th (great grand)child Node1 
		253rd (great grand)child String
ins loop [ 148, 164, 44, 146 ]
	post-ins, 
		root Node256 
		185th child Node1 
		41st (grand)child Node1 
		0th (great grand)child Node1 
		253rd (great grand)child String
ins loop [ 96, 119, 32, 220 ]
	post-ins, 
		root Node256 
		185th child Node1 
		41st (grand)child Node1 
		0th (great grand)child Node1 
		253rd (great grand)child String
ins loop [ 90, 176, 228, 159 ]
	post-ins, 
		root Node256 
		185th child Node1 
		41st (grand)child Node1 
		0th (great grand)child Node1 
		253rd (great grand)child String
ins loop [ 108, 203, 170, 193 ]
	post-ins, 
		root Node256 
		185th child Node1 
		41st (grand)child Node1 
		0th (great grand)child Node1 
		253rd (great grand)child String
ins loop [ 46, 91, 85, 162 ]
	post-ins, 
		root Node256 
		185th child Node1 
		41st (grand)child Node1 
		0th (great grand)child Node1 
		253rd (great grand)child String
ins loop [ 182, 246, 199, 151 ]
	post-ins, 
		root Node256 
		185th child Node1 
		41st (grand)child Node1 
		0th (great grand)child Node1 
		253rd (great grand)child String
ins loop [ 71, 251, 112, 98 ]
	post-ins, 
		root Node256 
		185th child Node1 
		41st (grand)child Node1 
		0th (great grand)child Node1 
		253rd (great grand)child String
ins loop [ 249, 137, 214, 1 ]
	post-ins, 
		root Node256 
		185th child Node1 
		41st (grand)child Node1 
		0th (great grand)child Node1 
		253rd (great grand)child String
ins loop [ 161, 211, 180, 117 ]
	post-ins, 
		root Node256 
		185th child Node1 
		41st (grand)child Node1 
		0th (great grand)child Node1 
		253rd (great grand)child String
ins loop [ 115, 224, 245, 224 ]
	post-ins, 
		root Node256 
		185th child Node1 
		41st (grand)child Node1 
		0th (great grand)child Node1 
		253rd (great grand)child String
ins loop [ 227, 246, 165, 136 ]
	post-ins, 
		root Node256 
		185th child Node1 
		41st (grand)child Node1 
		0th (great grand)child Node1 
		253rd (great grand)child String
ins loop [ 238, 133, 218, 174 ]
	post-ins, 
		root Node256 
		185th child Node1 
		41st (grand)child Node1 
		0th (great grand)child Node1 
		253rd (great grand)child String
ins loop [ 108, 251, 28, 22 ]
	post-ins, 
		root Node256 
		185th child Node1 
		41st (grand)child Node1 
		0th (great grand)child Node1 
		253rd (great grand)child String
ins loop [ 203, 152, 101, 43 ]
	post-ins, 
		root Node256 
		185th child Node1 
		41st (grand)child Node1 
		0th (great grand)child Node1 
		253rd (great grand)child String
ins loop [ 208, 119, 64, 34 ]
	post-ins, 
		root Node256 
		185th child Node1 
		41st (grand)child Node1 
		0th (great grand)child Node1 
		253rd (great grand)child String
ins loop [ 223, 45, 53, 99 ]
	post-ins, 
		root Node256 
		185th child Node1 
		41st (grand)child Node1 
		0th (great grand)child Node1 
		253rd (great grand)child String
ins loop [ 16, 75, 243, 98 ]
	post-ins, 
		root Node256 
		185th child Node1 
		41st (grand)child Node1 
		0th (great grand)child Node1 
		253rd (great grand)child String
ins loop [ 7, 37, 184, 30 ]
	post-ins, 
		root Node256 
		185th child Node1 
		41st (grand)child Node1 
		0th (great grand)child Node1 
		253rd (great grand)child String
ins loop [ 247, 76, 137, 167 ]
	post-ins, 
		root Node256 
		185th child Node1 
		41st (grand)child Node1 
		0th (great grand)child Node1 
		253rd (great grand)child String
ins loop [ 175, 120, 60, 112 ]
	post-ins, 
		root Node256 
		185th child Node1 
		41st (grand)child Node1 
		0th (great grand)child Node1 
		253rd (great grand)child String
ins loop [ 19, 115, 113, 71 ]
	post-ins, 
		root Node256 
		185th child Node1 
		41st (grand)child Node1 
		0th (great grand)child Node1 
		253rd (great grand)child String
ins loop [ 211, 38, 18, 72 ]
	post-ins, 
		root Node256 
		185th child Node1 
		41st (grand)child Node1 
		0th (great grand)child Node1 
		253rd (great grand)child String
ins loop [ 219, 171, 185, 52 ]
	post-ins, 
		root Node256 
		185th child Node1 
		41st (grand)child Node1 
		0th (great grand)child Node1 
		253rd (great grand)child String
ins loop [ 62, 163, 156, 227 ]
	post-ins, 
		root Node256 
		185th child Node1 
		41st (grand)child Node1 
		0th (great grand)child Node1 
		253rd (great grand)child String
ins loop [ 40, 248, 72, 86 ]
	post-ins, 
		root Node256 
		185th child Node1 
		41st (grand)child Node1 
		0th (great grand)child Node1 
		253rd (great grand)child String
ins loop [ 120, 180, 83, 178 ]
	post-ins, 
		root Node256 
		185th child Node1 
		41st (grand)child Node1 
		0th (great grand)child Node1 
		253rd (great grand)child String
ins loop [ 109, 227, 186, 234 ]
	post-ins, 
		root Node256 
		185th child Node1 
		41st (grand)child Node1 
		0th (great grand)child Node1 
		253rd (great grand)child String
ins loop [ 195, 210, 11, 101 ]
	post-ins, 
		root Node256 
		185th child Node1 
		41st (grand)child Node1 
		0th (great grand)child Node1 
		253rd (great grand)child String
ins loop [ 199, 30, 229, 187 ]
	post-ins, 
		root Node256 
		185th child Node1 
		41st (grand)child Node1 
		0th (great grand)child Node1 
		253rd (great grand)child String
ins loop [ 83, 182, 132, 1 ]
	post-ins, 
		root Node256 
		185th child Node1 
		41st (grand)child Node1 
		0th (great grand)child Node1 
		253rd (great grand)child String
ins loop [ 111, 128, 58, 60 ]
	post-ins, 
		root Node256 
		185th child Node1 
		41st (grand)child Node1 
		0th (great grand)child Node1 
		253rd (great grand)child String
ins loop [ 253, 231, 102, 191 ]
	post-ins, 
		root Node256 
		185th child Node1 
		41st (grand)child Node1 
		0th (great grand)child Node1 
		253rd (great grand)child String
ins loop [ 239, 150, 131, 94 ]
	post-ins, 
		root Node256 
		185th child Node1 
		41st (grand)child Node1 
		0th (great grand)child Node1 
		253rd (great grand)child String
ins loop [ 58, 193, 123, 139 ]
	post-ins, 
		root Node256 
		185th child Node1 
		41st (grand)child Node1 
		0th (great grand)child Node1 
		253rd (great grand)child String
ins loop [ 156, 22, 148, 254 ]
	post-ins, 
		root Node256 
		185th child Node1 
		41st (grand)child Node1 
		0th (great grand)child Node1 
		253rd (great grand)child String
ins loop [ 202, 52, 167, 73 ]
	post-ins, 
		root Node256 
		185th child Node1 
		41st (grand)child Node1 
		0th (great grand)child Node1 
		253rd (great grand)child String
ins loop [ 221, 241, 58, 111 ]
	post-ins, 
		root Node256 
		185th child Node1 
		41st (grand)child Node1 
		0th (great grand)child Node1 
		253rd (great grand)child String
ins loop [ 58, 238, 223, 19 ]
	post-ins, 
		root Node256 
		185th child Node1 
		41st (grand)child Node1 
		0th (great grand)child Node1 
		253rd (great grand)child String
ins loop [ 9, 204, 76, 240 ]
	post-ins, 
		root Node256 
		185th child Node1 
		41st (grand)child Node1 
		0th (great grand)child Node1 
		253rd (great grand)child String
ins loop [ 28, 60, 241, 198 ]
	post-ins, 
		root Node256 
		185th child Node1 
		41st (grand)child Node1 
		0th (great grand)child Node1 
		253rd (great grand)child String
ins loop [ 203, 171, 2, 86 ]
	post-ins, 
		root Node256 
		185th child Node1 
		41st (grand)child Node1 
		0th (great grand)child Node1 
		253rd (great grand)child String
ins loop [ 120, 230, 23, 142 ]
	post-ins, 
		root Node256 
		185th child Node1 
		41st (grand)child Node1 
		0th (great grand)child Node1 
		253rd (great grand)child String
ins loop [ 171, 189, 239, 46 ]
	post-ins, 
		root Node256 
		185th child Node1 
		41st (grand)child Node1 
		0th (great grand)child Node1 
		253rd (great grand)child String
ins loop [ 33, 10, 200, 151 ]
	post-ins, 
		root Node256 
		185th child Node1 
		41st (grand)child Node1 
		0th (great grand)child Node1 
		253rd (great grand)child String
ins loop [ 251, 96, 67, 202 ]
	post-ins, 
		root Node256 
		185th child Node1 
		41st (grand)child Node1 
		0th (great grand)child Node1 
		253rd (great grand)child String
ins loop [ 211, 199, 214, 60 ]
	post-ins, 
		root Node256 
		185th child Node1 
		41st (grand)child Node1 
		0th (great grand)child Node1 
		253rd (great grand)child String
ins loop [ 185, 165, 112, 201 ]
	post-ins, 
		root Node256 
		185th child Node4 
		41st (grand)child Node1 
		0th (great grand)child Node1 
		253rd (great grand)child String
ins loop [ 87, 40, 9, 19 ]
	post-ins, 
		root Node256 
		185th child Node4 
		41st (grand)child Node1 
		0th (great grand)child Node1 
		253rd (great grand)child String
ins loop [ 183, 107, 225, 40 ]
	post-ins, 
		root Node256 
		185th child Node4 
		41st (grand)child Node1 
		0th (great grand)child Node1 
		253rd (great grand)child String
ins loop [ 63, 247, 209, 134 ]
	post-ins, 
		root Node256 
		185th child Node4 
		41st (grand)child Node1 
		0th (great grand)child Node1 
		253rd (great grand)child String
ins loop [ 117, 25, 91, 42 ]
	post-ins, 
		root Node256 
		185th child Node4 
		41st (grand)child Node1 
		0th (great grand)child Node1 
		253rd (great grand)child String
ins loop [ 188, 103, 110, 184 ]
	post-ins, 
		root Node256 
		185th child Node4 
		41st (grand)child Node1 
		0th (great grand)child Node1 
		253rd (great grand)child String
ins loop [ 182, 155, 219, 169 ]
	post-ins, 
		root Node256 
		185th child Node4 
		41st (grand)child Node1 
		0th (great grand)child Node1 
		253rd (great grand)child String
ins loop [ 33, 214, 118, 113 ]
	post-ins, 
		root Node256 
		185th child Node4 
		41st (grand)child Node1 
		0th (great grand)child Node1 
		253rd (great grand)child String
ins loop [ 48, 170, 125, 217 ]
	post-ins, 
		root Node256 
		185th child Node4 
		41st (grand)child Node1 
		0th (great grand)child Node1 
		253rd (great grand)child String
ins loop [ 88, 226, 126, 146 ]
	post-ins, 
		root Node256 
		185th child Node4 
		41st (grand)child Node1 
		0th (great grand)child Node1 
		253rd (great grand)child String
ins loop [ 175, 142, 218, 255 ]
	post-ins, 
		root Node256 
		185th child Node4 
		41st (grand)child Node1 
		0th (great grand)child Node1 
		253rd (great grand)child String
ins loop [ 153, 82, 106, 12 ]
	post-ins, 
		root Node256 
		185th child Node4 
		41st (grand)child Node1 
		0th (great grand)child Node1 
		253rd (great grand)child String
ins loop [ 171, 188, 116, 118 ]
	post-ins, 
		root Node256 
		185th child Node4 
		41st (grand)child Node1 
		0th (great grand)child Node1 
		253rd (great grand)child String
ins loop [ 158, 239, 241, 195 ]
	post-ins, 
		root Node256 
		185th child Node4 
		41st (grand)child Node1 
		0th (great grand)child Node1 
		253rd (great grand)child String
ins loop [ 223, 3, 58, 66 ]
	post-ins, 
		root Node256 
		185th child Node4 
		41st (grand)child Node1 
		0th (great grand)child Node1 
		253rd (great grand)child String
ins loop [ 12, 204, 224, 66 ]
	post-ins, 
		root Node256 
		185th child Node4 
		41st (grand)child Node1 
		0th (great grand)child Node1 
		253rd (great grand)child String
ins loop [ 154, 140, 247, 5 ]
	post-ins, 
		root Node256 
		185th child Node4 
		41st (grand)child Node1 
		0th (great grand)child Node1 
		253rd (great grand)child String
ins loop [ 158, 12, 145, 65 ]
	post-ins, 
		root Node256 
		185th child Node4 
		41st (grand)child Node1 
		0th (great grand)child Node1 
		253rd (great grand)child String
ins loop [ 100, 229, 58, 181 ]
	post-ins, 
		root Node256 
		185th child Node4 
		41st (grand)child Node1 
		0th (great grand)child Node1 
		253rd (great grand)child String
ins loop [ 236, 127, 79, 84 ]
	post-ins, 
		root Node256 
		185th child Node4 
		41st (grand)child Node1 
		0th (great grand)child Node1 
		253rd (great grand)child String
ins loop [ 228, 89, 126, 246 ]
	post-ins, 
		root Node256 
		185th child Node4 
		41st (grand)child Node1 
		0th (great grand)child Node1 
		253rd (great grand)child String
ins loop [ 218, 240, 123, 204 ]
	post-ins, 
		root Node256 
		185th child Node4 
		41st (grand)child Node1 
		0th (great grand)child Node1 
		253rd (great grand)child String
ins loop [ 4, 224, 181, 240 ]
	post-ins, 
		root Node256 
		185th child Node4 
		41st (grand)child Node1 
		0th (great grand)child Node1 
		253rd (great grand)child String
ins loop [ 185, 16, 187, 83 ]
	post-ins, 
		root Node256 
		185th child Node4 
		41st (grand)child Node1 
		0th (great grand)child Node1 
		253rd (great grand)child String
ins loop [ 139, 112, 1, 147 ]
	post-ins, 
		root Node256 
		185th child Node4 
		41st (grand)child Node1 
		0th (great grand)child Node1 
		253rd (great grand)child String
ins loop [ 29, 98, 72, 15 ]
	post-ins, 
		root Node256 
		185th child Node4 
		41st (grand)child Node1 
		0th (great grand)child Node1 
		253rd (great grand)child String
ins loop [ 148, 115, 72, 58 ]
	post-ins, 
		root Node256 
		185th child Node4 
		41st (grand)child Node1 
		0th (great grand)child Node1 
		253rd (great grand)child String
ins loop [ 24, 123, 143, 16 ]
	post-ins, 
		root Node256 
		185th child Node4 
		41st (grand)child Node1 
		0th (great grand)child Node1 
		253rd (great grand)child String
ins loop [ 93, 6, 137, 84 ]
	post-ins, 
		root Node256 
		185th child Node4 
		41st (grand)child Node1 
		0th (great grand)child Node1 
		253rd (great grand)child String
ins loop [ 177, 25, 51, 121 ]
	post-ins, 
		root Node256 
		185th child Node4 
		41st (grand)child Node1 
		0th (great grand)child Node1 
		253rd (great grand)child String
ins loop [ 194, 183, 28, 91 ]
	post-ins, 
		root Node256 
		185th child Node4 
		41st (grand)child Node1 
		0th (great grand)child Node1 
		253rd (great grand)child String
ins loop [ 92, 220, 20, 16 ]
	post-ins, 
		root Node256 
		185th child Node4 
		41st (grand)child Node1 
		0th (great grand)child Node1 
		253rd (great grand)child String
ins loop [ 48, 193, 172, 153 ]
	post-ins, 
		root Node256 
		185th child Node4 
		41st (grand)child Node1 
		0th (great grand)child Node1 
		253rd (great grand)child String
ins loop [ 113, 174, 146, 6 ]
	post-ins, 
		root Node256 
		185th child Node4 
		41st (grand)child Node1 
		0th (great grand)child Node1 
		253rd (great grand)child String
ins loop [ 204, 92, 108, 249 ]
	post-ins, 
		root Node256 
		185th child Node4 
		41st (grand)child Node1 
		0th (great grand)child Node1 
		253rd (great grand)child String
ins loop [ 228, 223, 52, 201 ]
	post-ins, 
		root Node256 
		185th child Node4 
		41st (grand)child Node1 
		0th (great grand)child Node1 
		253rd (great grand)child String
ins loop [ 185, 109, 171, 11 ]
	post-ins, 
		root Node256 
		185th child Node4 
		41st (grand)child Node1 
		0th (great grand)child Node1 
		253rd (great grand)child String
ins loop [ 183, 197, 75, 105 ]
	post-ins, 
		root Node256 
		185th child Node4 
		41st (grand)child Node1 
		0th (great grand)child Node1 
		253rd (great grand)child String
ins loop [ 160, 44, 202, 97 ]
	post-ins, 
		root Node256 
		185th child Node4 
		41st (grand)child Node1 
		0th (great grand)child Node1 
		253rd (great grand)child String
ins loop [ 7, 185, 119, 97 ]
	post-ins, 
		root Node256 
		185th child Node4 
		41st (grand)child Node1 
		0th (great grand)child Node1 
		253rd (great grand)child String
ins loop [ 184, 0, 39, 46 ]
	post-ins, 
		root Node256 
		185th child Node4 
		41st (grand)child Node1 
		0th (great grand)child Node1 
		253rd (great grand)child String
ins loop [ 76, 173, 142, 81 ]
	post-ins, 
		root Node256 
		185th child Node4 
		41st (grand)child Node1 
		0th (great grand)child Node1 
		253rd (great grand)child String
ins loop [ 195, 188, 55, 99 ]
	post-ins, 
		root Node256 
		185th child Node4 
		41st (grand)child Node1 
		0th (great grand)child Node1 
		253rd (great grand)child String
ins loop [ 250, 54, 215, 211 ]
	post-ins, 
		root Node256 
		185th child Node4 
		41st (grand)child Node1 
		0th (great grand)child Node1 
		253rd (great grand)child String
ins loop [ 25, 148, 69, 234 ]
	post-ins, 
		root Node256 
		185th child Node4 
		41st (grand)child Node1 
		0th (great grand)child Node1 
		253rd (great grand)child String
ins loop [ 223, 217, 165, 201 ]
	post-ins, 
		root Node256 
		185th child Node4 
		41st (grand)child Node1 
		0th (great grand)child Node1 
		253rd (great grand)child String
ins loop [ 145, 53, 87, 84 ]
	post-ins, 
		root Node256 
		185th child Node4 
		41st (grand)child Node1 
		0th (great grand)child Node1 
		253rd (great grand)child String
ins loop [ 102, 86, 51, 86 ]
	post-ins, 
		root Node256 
		185th child Node4 
		41st (grand)child Node1 
		0th (great grand)child Node1 
		253rd (great grand)child String
ins loop [ 30, 99, 75, 225 ]
	post-ins, 
		root Node256 
		185th child Node4 
		41st (grand)child Node1 
		0th (great grand)child Node1 
		253rd (great grand)child String
ins loop [ 96, 17, 187, 223 ]
	post-ins, 
		root Node256 
		185th child Node4 
		41st (grand)child Node1 
		0th (great grand)child Node1 
		253rd (great grand)child String
ins loop [ 205, 55, 7, 230 ]
	post-ins, 
		root Node256 
		185th child Node4 
		41st (grand)child Node1 
		0th (great grand)child Node1 
		253rd (great grand)child String
ins loop [ 158, 130, 67, 196 ]
	post-ins, 
		root Node256 
		185th child Node4 
		41st (grand)child Node1 
		0th (great grand)child Node1 
		253rd (great grand)child String
ins loop [ 57, 16, 254, 95 ]
	post-ins, 
		root Node256 
		185th child Node4 
		41st (grand)child Node1 
		0th (great grand)child Node1 
		253rd (great grand)child String
ins loop [ 9, 91, 13, 134 ]
	post-ins, 
		root Node256 
		185th child Node4 
		41st (grand)child Node1 
		0th (great grand)child Node1 
		253rd (great grand)child String
ins loop [ 124, 178, 25, 49 ]
	post-ins, 
		root Node256 
		185th child Node4 
		41st (grand)child Node1 
		0th (great grand)child Node1 
		253rd (great grand)child String
ins loop [ 104, 52, 105, 79 ]
	post-ins, 
		root Node256 
		185th child Node4 
		41st (grand)child Node1 
		0th (great grand)child Node1 
		253rd (great grand)child String
ins loop [ 35, 37, 140, 211 ]
	post-ins, 
		root Node256 
		185th child Node4 
		41st (grand)child Node1 
		0th (great grand)child Node1 
		253rd (great grand)child String
ins loop [ 160, 208, 136, 174 ]
	post-ins, 
		root Node256 
		185th child Node4 
		41st (grand)child Node1 
		0th (great grand)child Node1 
		253rd (great grand)child String
ins loop [ 201, 168, 122, 149 ]
	post-ins, 
		root Node256 
		185th child Node4 
		41st (grand)child Node1 
		0th (great grand)child Node1 
		253rd (great grand)child String
ins loop [ 85, 161, 241, 158 ]
	post-ins, 
		root Node256 
		185th child Node4 
		41st (grand)child Node1 
		0th (great grand)child Node1 
		253rd (great grand)child String
ins loop [ 74, 149, 55, 1 ]
	post-ins, 
		root Node256 
		185th child Node4 
		41st (grand)child Node1 
		0th (great grand)child Node1 
		253rd (great grand)child String
ins loop [ 169, 0, 31, 60 ]
	post-ins, 
		root Node256 
		185th child Node4 
		41st (grand)child Node1 
		0th (great grand)child Node1 
		253rd (great grand)child String
ins loop [ 1, 217, 70, 128 ]
	post-ins, 
		root Node256 
		185th child Node4 
		41st (grand)child Node1 
		0th (great grand)child Node1 
		253rd (great grand)child String
ins loop [ 234, 243, 44, 89 ]
	post-ins, 
		root Node256 
		185th child Node4 
		41st (grand)child Node1 
		0th (great grand)child Node1 
		253rd (great grand)child String
ins loop [ 145, 146, 16, 85 ]
	post-ins, 
		root Node256 
		185th child Node4 
		41st (grand)child Node1 
		0th (great grand)child Node1 
		253rd (great grand)child String
ins loop [ 206, 79, 122, 241 ]
	post-ins, 
		root Node256 
		185th child Node4 
		41st (grand)child Node1 
		0th (great grand)child Node1 
		253rd (great grand)child String
ins loop [ 39, 198, 19, 172 ]
	post-ins, 
		root Node256 
		185th child Node4 
		41st (grand)child Node1 
		0th (great grand)child Node1 
		253rd (great grand)child String
ins loop [ 255, 144, 103, 226 ]
	post-ins, 
		root Node256 
		185th child Node4 
		41st (grand)child Node1 
		0th (great grand)child Node1 
		253rd (great grand)child String
ins loop [ 8, 140, 195, 45 ]
	post-ins, 
		root Node256 
		185th child Node4 
		41st (grand)child Node1 
		0th (great grand)child Node1 
		253rd (great grand)child String
ins loop [ 225, 61, 92, 250 ]
	post-ins, 
		root Node256 
		185th child Node4 
		41st (grand)child Node1 
		0th (great grand)child Node1 
		253rd (great grand)child String
ins loop [ 112, 73, 46, 151 ]
	post-ins, 
		root Node256 
		185th child Node4 
		41st (grand)child Node1 
		0th (great grand)child Node1 
		253rd (great grand)child String
ins loop [ 253, 121, 3, 237 ]
	post-ins, 
		root Node256 
		185th child Node4 
		41st (grand)child Node1 
		0th (great grand)child Node1 
		253rd (great grand)child String
ins loop [ 249, 114, 180, 17 ]
	post-ins, 
		root Node256 
		185th child Node4 
		41st (grand)child Node1 
		0th (great grand)child Node1 
		253rd (great grand)child String
ins loop [ 167, 230, 79, 244 ]
	post-ins, 
		root Node256 
		185th child Node4 
		41st (grand)child Node1 
		0th (great grand)child Node1 
		253rd (great grand)child String
ins loop [ 29, 144, 69, 244 ]
	post-ins, 
		root Node256 
		185th child Node4 
		41st (grand)child Node1 
		0th (great grand)child Node1 
		253rd (great grand)child String
ins loop [ 208, 154, 97, 49 ]
	post-ins, 
		root Node256 
		185th child Node4 
		41st (grand)child Node1 
		0th (great grand)child Node1 
		253rd (great grand)child String
ins loop [ 106, 193, 163, 0 ]
	post-ins, 
		root Node256 
		185th child Node4 
		41st (grand)child Node1 
		0th (great grand)child Node1 
		253rd (great grand)child String
ins loop [ 175, 219, 199, 84 ]
	post-ins, 
		root Node256 
		185th child Node4 
		41st (grand)child Node1 
		0th (great grand)child Node1 
		253rd (great grand)child String
ins loop [ 164, 121, 222, 45 ]
	post-ins, 
		root Node256 
		185th child Node4 
		41st (grand)child Node1 
		0th (great grand)child Node1 
		253rd (great grand)child String
ins loop [ 11, 214, 35, 89 ]
	post-ins, 
		root Node256 
		185th child Node4 
		41st (grand)child Node1 
		0th (great grand)child Node1 
		253rd (great grand)child String
ins loop [ 185, 223, 82, 222 ]
	post-ins, 
		root Node256 
		185th child Node16 
		41st (grand)child Node1 
		0th (great grand)child Node1 
		253rd (great grand)child String
ins loop [ 32, 166, 255, 147 ]
	post-ins, 
		root Node256 
		185th child Node16 
		41st (grand)child Node1 
		0th (great grand)child Node1 
		253rd (great grand)child String
ins loop [ 78, 169, 69, 177 ]
	post-ins, 
		root Node256 
		185th child Node16 
		41st (grand)child Node1 
		0th (great grand)child Node1 
		253rd (great grand)child String
ins loop [ 183, 29, 225, 97 ]
	post-ins, 
		root Node256 
		185th child Node16 
		41st (grand)child Node1 
		0th (great grand)child Node1 
		253rd (great grand)child String
ins loop [ 150, 119, 103, 211 ]
	post-ins, 
		root Node256 
		185th child Node16 
		41st (grand)child Node1 
		0th (great grand)child Node1 
		253rd (great grand)child String
ins loop [ 106, 10, 16, 102 ]
	post-ins, 
		root Node256 
		185th child Node16 
		41st (grand)child Node1 
		0th (great grand)child Node1 
		253rd (great grand)child String
ins loop [ 35, 245, 27, 210 ]
	post-ins, 
		root Node256 
		185th child Node16 
		41st (grand)child Node1 
		0th (great grand)child Node1 
		253rd (great grand)child String
ins loop [ 163, 219, 164, 86 ]
	post-ins, 
		root Node256 
		185th child Node16 
		41st (grand)child Node1 
		0th (great grand)child Node1 
		253rd (great grand)child String
ins loop [ 84, 147, 136, 78 ]
	post-ins, 
		root Node256 
		185th child Node16 
		41st (grand)child Node1 
		0th (great grand)child Node1 
		253rd (great grand)child String
ins loop [ 144, 103, 66, 71 ]
	post-ins, 
		root Node256 
		185th child Node16 
		41st (grand)child Node1 
		0th (great grand)child Node1 
		253rd (great grand)child String
ins loop [ 100, 22, 181, 167 ]
	post-ins, 
		root Node256 
		185th child Node16 
		41st (grand)child Node1 
		0th (great grand)child Node1 
		253rd (great grand)child String
ins loop [ 192, 137, 149, 166 ]
	post-ins, 
		root Node256 
		185th child Node16 
		41st (grand)child Node1 
		0th (great grand)child Node1 
		253rd (great grand)child String
ins loop [ 121, 144, 119, 94 ]
	post-ins, 
		root Node256 
		185th child Node16 
		41st (grand)child Node1 
		0th (great grand)child Node1 
		253rd (great grand)child String
ins loop [ 13, 227, 189, 165 ]
	post-ins, 
		root Node256 
		185th child Node16 
		41st (grand)child Node1 
		0th (great grand)child Node1 
		253rd (great grand)child String
ins loop [ 87, 101, 7, 234 ]
	post-ins, 
		root Node256 
		185th child Node16 
		41st (grand)child Node1 
		0th (great grand)child Node1 
		253rd (great grand)child String
ins loop [ 144, 116, 5, 137 ]
	post-ins, 
		root Node256 
		185th child Node16 
		41st (grand)child Node1 
		0th (great grand)child Node1 
		253rd (great grand)child String
ins loop [ 48, 178, 206, 242 ]
	post-ins, 
		root Node256 
		185th child Node16 
		41st (grand)child Node1 
		0th (great grand)child Node1 
		253rd (great grand)child String
ins loop [ 221, 200, 183, 232 ]
	post-ins, 
		root Node256 
		185th child Node16 
		41st (grand)child Node1 
		0th (great grand)child Node1 
		253rd (great grand)child String
ins loop [ 183, 245, 199, 22 ]
	post-ins, 
		root Node256 
		185th child Node16 
		41st (grand)child Node1 
		0th (great grand)child Node1 
		253rd (great grand)child String
ins loop [ 86, 228, 22, 21 ]
	post-ins, 
		root Node256 
		185th child Node16 
		41st (grand)child Node1 
		0th (great grand)child Node1 
		253rd (great grand)child String
ins loop [ 25, 63, 213, 183 ]
	post-ins, 
		root Node256 
		185th child Node16 
		41st (grand)child Node1 
		0th (great grand)child Node1 
		253rd (great grand)child String
ins loop [ 125, 99, 54, 38 ]
	post-ins, 
		root Node256 
		185th child Node16 
		41st (grand)child Node1 
		0th (great grand)child Node1 
		253rd (great grand)child String
ins loop [ 66, 208, 236, 182 ]
	post-ins, 
		root Node256 
		185th child Node16 
		41st (grand)child Node1 
		0th (great grand)child Node1 
		253rd (great grand)child String
ins loop [ 8, 57, 136, 226 ]
	post-ins, 
		root Node256 
		185th child Node16 
		41st (grand)child Node1 
		0th (great grand)child Node1 
		253rd (great grand)child String
ins loop [ 202, 10, 146, 115 ]
	post-ins, 
		root Node256 
		185th child Node16 
		41st (grand)child Node1 
		0th (great grand)child Node1 
		253rd (great grand)child String
ins loop [ 189, 250, 45, 105 ]
	post-ins, 
		root Node256 
		185th child Node16 
		41st (grand)child Node1 
		0th (great grand)child Node1 
		253rd (great grand)child String
ins loop [ 251, 191, 23, 235 ]
	post-ins, 
		root Node256 
		185th child Node16 
		41st (grand)child Node1 
		0th (great grand)child Node1 
		253rd (great grand)child String
ins loop [ 205, 168, 101, 141 ]
	post-ins, 
		root Node256 
		185th child Node16 
		41st (grand)child Node1 
		0th (great grand)child Node1 
		253rd (great grand)child String
ins loop [ 146, 127, 243, 91 ]
	post-ins, 
		root Node256 
		185th child Node16 
		41st (grand)child Node1 
		0th (great grand)child Node1 
		253rd (great grand)child String
ins loop [ 61, 250, 136, 122 ]
	post-ins, 
		root Node256 
		185th child Node16 
		41st (grand)child Node1 
		0th (great grand)child Node1 
		253rd (great grand)child String
ins loop [ 87, 233, 216, 116 ]
	post-ins, 
		root Node256 
		185th child Node16 
		41st (grand)child Node1 
		0th (great grand)child Node1 
		253rd (great grand)child String
ins loop [ 53, 212, 134, 31 ]
	post-ins, 
		root Node256 
		185th child Node16 
		41st (grand)child Node1 
		0th (great grand)child Node1 
		253rd (great grand)child String
ins loop [ 168, 74, 175, 236 ]
	post-ins, 
		root Node256 
		185th child Node16 
		41st (grand)child Node1 
		0th (great grand)child Node1 
		253rd (great grand)child String
ins loop [ 70, 236, 45, 251 ]
	post-ins, 
		root Node256 
		185th child Node16 
		41st (grand)child Node1 
		0th (great grand)child Node1 
		253rd (great grand)child String
ins loop [ 64, 129, 53, 210 ]
	post-ins, 
		root Node256 
		185th child Node16 
		41st (grand)child Node1 
		0th (great grand)child Node1 
		253rd (great grand)child String
ins loop [ 51, 196, 38, 9 ]
	post-ins, 
		root Node256 
		185th child Node16 
		41st (grand)child Node1 
		0th (great grand)child Node1 
		253rd (great grand)child String
ins loop [ 27, 141, 252, 232 ]
	post-ins, 
		root Node256 
		185th child Node16 
		41st (grand)child Node1 
		0th (great grand)child Node1 
		253rd (great grand)child String
ins loop [ 92, 127, 236, 198 ]
	post-ins, 
		root Node256 
		185th child Node16 
		41st (grand)child Node1 
		0th (great grand)child Node1 
		253rd (great grand)child String
ins loop [ 214, 27, 243, 241 ]
	post-ins, 
		root Node256 
		185th child Node16 
		41st (grand)child Node1 
		0th (great grand)child Node1 
		253rd (great grand)child String
ins loop [ 82, 58, 147, 60 ]
	post-ins, 
		root Node256 
		185th child Node16 
		41st (grand)child Node1 
		0th (great grand)child Node1 
		253rd (great grand)child String
ins loop [ 150, 131, 221, 115 ]
	post-ins, 
		root Node256 
		185th child Node16 
		41st (grand)child Node1 
		0th (great grand)child Node1 
		253rd (great grand)child String
ins loop [ 156, 31, 89, 160 ]
	post-ins, 
		root Node256 
		185th child Node16 
		41st (grand)child Node1 
		0th (great grand)child Node1 
		253rd (great grand)child String
ins loop [ 219, 81, 97, 105 ]
	post-ins, 
		root Node256 
		185th child Node16 
		41st (grand)child Node1 
		0th (great grand)child Node1 
		253rd (great grand)child String
ins loop [ 180, 75, 28, 83 ]
	post-ins, 
		root Node256 
		185th child Node16 
		41st (grand)child Node1 
		0th (great grand)child Node1 
		253rd (great grand)child String
ins loop [ 40, 82, 40, 76 ]
	post-ins, 
		root Node256 
		185th child Node16 
		41st (grand)child Node1 
		0th (great grand)child Node1 
		253rd (great grand)child String
ins loop [ 241, 150, 27, 136 ]
	post-ins, 
		root Node256 
		185th child Node16 
		41st (grand)child Node1 
		0th (great grand)child Node1 
		253rd (great grand)child String
ins loop [ 113, 185, 10, 44 ]
	post-ins, 
		root Node256 
		185th child Node16 
		41st (grand)child Node1 
		0th (great grand)child Node1 
		253rd (great grand)child String
ins loop [ 185, 41, 253, 245 ]
	post-ins, 
		root Node256 
		185th child Node16 
		41st (grand)child Node1 
		0th (great grand)child Node1 
		253rd (great grand)child String
ins loop [ 51, 168, 101, 73 ]
	post-ins, 
		root Node256 
		185th child Node16 
		41st (grand)child Node1 
		0th (great grand)child Node1 
		253rd (great grand)child String
ins loop [ 40, 126, 138, 235 ]
	post-ins, 
		root Node256 
		185th child Node16 
		41st (grand)child Node1 
		0th (great grand)child Node1 
		253rd (great grand)child String
ins loop [ 21, 12, 184, 20 ]
	post-ins, 
		root Node256 
		185th child Node16 
		41st (grand)child Node1 
		0th (great grand)child Node1 
		253rd (great grand)child String
ins loop [ 172, 99, 49, 134 ]
	post-ins, 
		root Node256 
		185th child Node16 
		41st (grand)child Node1 
		0th (great grand)child Node1 
		253rd (great grand)child String
ins loop [ 185, 143, 51, 136 ]
insert dbg, depth 0 kb 185 ip -7 typeof cnode Node256
insert dbg, depth 1 kb 143 ip 4 typeof cnode Node16
insert dbg, depth 2 kb 51 ip 0 typeof cnode Node1
insert dbg, depth 3 kb 136 ip 0 typeof cnode Node1
	post-ins, 
		root Node256 
		185th child Node16 
		41st (grand)child Node1 
		0th (great grand)child String 
		253rd (great grand)child Node1
ins loop [ 122, 37, 60, 102 ]
	post-ins, 
		root Node256 
		185th child Node16 
		41st (grand)child Node1 
		0th (great grand)child String 
		253rd (great grand)child Node1
ins loop [ 32, 26, 253, 195 ]
	post-ins, 
		root Node256 
		185th child Node16 
		41st (grand)child Node1 
		0th (great grand)child String 
		253rd (great grand)child Node1
ins loop [ 75, 85, 149, 229 ]
	post-ins, 
		root Node256 
		185th child Node16 
		41st (grand)child Node1 
		0th (great grand)child String 
		253rd (great grand)child Node1
ins loop [ 160, 223, 29, 134 ]
	post-ins, 
		root Node256 
		185th child Node16 
		41st (grand)child Node1 
		0th (great grand)child String 
		253rd (great grand)child Node1
ins loop [ 168, 153, 234, 184 ]
	post-ins, 
		root Node256 
		185th child Node16 
		41st (grand)child Node1 
		0th (great grand)child String 
		253rd (great grand)child Node1
ins loop [ 148, 101, 104, 203 ]
	post-ins, 
		root Node256 
		185th child Node16 
		41st (grand)child Node1 
		0th (great grand)child String 
		253rd (great grand)child Node1
ins loop [ 101, 217, 53, 253 ]
	post-ins, 
		root Node256 
		185th child Node16 
		41st (grand)child Node1 
		0th (great grand)child String 
		253rd (great grand)child Node1
ins loop [ 48, 197, 167, 60 ]
	post-ins, 
		root Node256 
		185th child Node16 
		41st (grand)child Node1 
		0th (great grand)child String 
		253rd (great grand)child Node1
ins loop [ 40, 28, 94, 232 ]
	post-ins, 
		root Node256 
		185th child Node16 
		41st (grand)child Node1 
		0th (great grand)child String 
		253rd (great grand)child Node1
ins loop [ 208, 248, 62, 180 ]
	post-ins, 
		root Node256 
		185th child Node16 
		41st (grand)child Node1 
		0th (great grand)child String 
		253rd (great grand)child Node1
ins loop [ 40, 56, 222, 227 ]
	post-ins, 
		root Node256 
		185th child Node16 
		41st (grand)child Node1 
		0th (great grand)child String 
		253rd (great grand)child Node1
ins loop [ 170, 247, 165, 148 ]
	post-ins, 
		root Node256 
		185th child Node16 
		41st (grand)child Node1 
		0th (great grand)child String 
		253rd (great grand)child Node1
ins loop [ 233, 184, 171, 126 ]
	post-ins, 
		root Node256 
		185th child Node16 
		41st (grand)child Node1 
		0th (great grand)child String 
		253rd (great grand)child Node1
ins loop [ 90, 106, 246, 19 ]
	post-ins, 
		root Node256 
		185th child Node16 
		41st (grand)child Node1 
		0th (great grand)child String 
		253rd (great grand)child Node1
ins loop [ 141, 205, 8, 71 ]
	post-ins, 
		root Node256 
		185th child Node16 
		41st (grand)child Node1 
		0th (great grand)child String 
		253rd (great grand)child Node1
ins loop [ 175, 107, 220, 251 ]
	post-ins, 
		root Node256 
		185th child Node16 
		41st (grand)child Node1 
		0th (great grand)child String 
		253rd (great grand)child Node1
ins loop [ 89, 199, 152, 46 ]
	post-ins, 
		root Node256 
		185th child Node16 
		41st (grand)child Node1 
		0th (great grand)child String 
		253rd (great grand)child Node1
ins loop [ 92, 248, 180, 143 ]
	post-ins, 
		root Node256 
		185th child Node16 
		41st (grand)child Node1 
		0th (great grand)child String 
		253rd (great grand)child Node1
ins loop [ 92, 25, 186, 150 ]
	post-ins, 
		root Node256 
		185th child Node16 
		41st (grand)child Node1 
		0th (great grand)child String 
		253rd (great grand)child Node1
ins loop [ 184, 40, 207, 240 ]
	post-ins, 
		root Node256 
		185th child Node16 
		41st (grand)child Node1 
		0th (great grand)child String 
		253rd (great grand)child Node1
ins loop [ 67, 143, 3, 123 ]
	post-ins, 
		root Node256 
		185th child Node16 
		41st (grand)child Node1 
		0th (great grand)child String 
		253rd (great grand)child Node1
ins loop [ 61, 45, 63, 188 ]
	post-ins, 
		root Node256 
		185th child Node16 
		41st (grand)child Node1 
		0th (great grand)child String 
		253rd (great grand)child Node1
ins loop [ 91, 194, 121, 50 ]
	post-ins, 
		root Node256 
		185th child Node16 
		41st (grand)child Node1 
		0th (great grand)child String 
		253rd (great grand)child Node1
ins loop [ 108, 2, 139, 27 ]
	post-ins, 
		root Node256 
		185th child Node16 
		41st (grand)child Node1 
		0th (great grand)child String 
		253rd (great grand)child Node1
ins loop [ 230, 110, 70, 128 ]
	post-ins, 
		root Node256 
		185th child Node16 
		41st (grand)child Node1 
		0th (great grand)child String 
		253rd (great grand)child Node1
ins loop [ 175, 160, 35, 169 ]
	post-ins, 
		root Node256 
		185th child Node16 
		41st (grand)child Node1 
		0th (great grand)child String 
		253rd (great grand)child Node1
ins loop [ 223, 200, 155, 87 ]
	post-ins, 
		root Node256 
		185th child Node16 
		41st (grand)child Node1 
		0th (great grand)child String 
		253rd (great grand)child Node1
ins loop [ 98, 155, 240, 108 ]
	post-ins, 
		root Node256 
		185th child Node16 
		41st (grand)child Node1 
		0th (great grand)child String 
		253rd (great grand)child Node1
ins loop [ 255, 235, 117, 251 ]
	post-ins, 
		root Node256 
		185th child Node16 
		41st (grand)child Node1 
		0th (great grand)child String 
		253rd (great grand)child Node1
ins loop [ 190, 117, 173, 125 ]
	post-ins, 
		root Node256 
		185th child Node16 
		41st (grand)child Node1 
		0th (great grand)child String 
		253rd (great grand)child Node1
ins loop [ 117, 26, 164, 250 ]
	post-ins, 
		root Node256 
		185th child Node16 
		41st (grand)child Node1 
		0th (great grand)child String 
		253rd (great grand)child Node1
ins loop [ 22, 35, 105, 85 ]
	post-ins, 
		root Node256 
		185th child Node16 
		41st (grand)child Node1 
		0th (great grand)child String 
		253rd (great grand)child Node1
ins loop [ 60, 123, 3, 180 ]
	post-ins, 
		root Node256 
		185th child Node16 
		41st (grand)child Node1 
		0th (great grand)child String 
		253rd (great grand)child Node1
ins loop [ 37, 73, 170, 29 ]
	post-ins, 
		root Node256 
		185th child Node16 
		41st (grand)child Node1 
		0th (great grand)child String 
		253rd (great grand)child Node1
ins loop [ 180, 123, 145, 130 ]
	post-ins, 
		root Node256 
		185th child Node16 
		41st (grand)child Node1 
		0th (great grand)child String 
		253rd (great grand)child Node1
ins loop [ 29, 242, 203, 101 ]
	post-ins, 
		root Node256 
		185th child Node16 
		41st (grand)child Node1 
		0th (great grand)child String 
		253rd (great grand)child Node1
ins loop [ 238, 60, 18, 91 ]
	post-ins, 
		root Node256 
		185th child Node16 
		41st (grand)child Node1 
		0th (great grand)child String 
		253rd (great grand)child Node1
ins loop [ 124, 110, 113, 223 ]
	post-ins, 
		root Node256 
		185th child Node16 
		41st (grand)child Node1 
		0th (great grand)child String 
		253rd (great grand)child Node1
ins loop [ 13, 124, 155, 87 ]
	post-ins, 
		root Node256 
		185th child Node16 
		41st (grand)child Node1 
		0th (great grand)child String 
		253rd (great grand)child Node1
ins loop [ 115, 5, 103, 253 ]
	post-ins, 
		root Node256 
		185th child Node16 
		41st (grand)child Node1 
		0th (great grand)child String 
		253rd (great grand)child Node1
ins loop [ 178, 151, 113, 31 ]
	post-ins, 
		root Node256 
		185th child Node16 
		41st (grand)child Node1 
		0th (great grand)child String 
		253rd (great grand)child Node1
ins loop [ 104, 182, 185, 46 ]
	post-ins, 
		root Node256 
		185th child Node16 
		41st (grand)child Node1 
		0th (great grand)child String 
		253rd (great grand)child Node1
ins loop [ 154, 251, 33, 77 ]
	post-ins, 
		root Node256 
		185th child Node16 
		41st (grand)child Node1 
		0th (great grand)child String 
		253rd (great grand)child Node1
ins loop [ 120, 82, 23, 215 ]
	post-ins, 
		root Node256 
		185th child Node16 
		41st (grand)child Node1 
		0th (great grand)child String 
		253rd (great grand)child Node1
ins loop [ 226, 108, 220, 90 ]
	post-ins, 
		root Node256 
		185th child Node16 
		41st (grand)child Node1 
		0th (great grand)child String 
		253rd (great grand)child Node1
ins loop [ 157, 173, 98, 52 ]
	post-ins, 
		root Node256 
		185th child Node16 
		41st (grand)child Node1 
		0th (great grand)child String 
		253rd (great grand)child Node1
ins loop [ 9, 113, 131, 228 ]
	post-ins, 
		root Node256 
		185th child Node16 
		41st (grand)child Node1 
		0th (great grand)child String 
		253rd (great grand)child Node1
ins loop [ 157, 191, 33, 84 ]
	post-ins, 
		root Node256 
		185th child Node16 
		41st (grand)child Node1 
		0th (great grand)child String 
		253rd (great grand)child Node1
ins loop [ 81, 0, 97, 253 ]
	post-ins, 
		root Node256 
		185th child Node16 
		41st (grand)child Node1 
		0th (great grand)child String 
		253rd (great grand)child Node1
ins loop [ 213, 183, 64, 23 ]
	post-ins, 
		root Node256 
		185th child Node16 
		41st (grand)child Node1 
		0th (great grand)child String 
		253rd (great grand)child Node1
ins loop [ 130, 240, 9, 77 ]
	post-ins, 
		root Node256 
		185th child Node16 
		41st (grand)child Node1 
		0th (great grand)child String 
		253rd (great grand)child Node1
ins loop [ 44, 154, 42, 36 ]
	post-ins, 
		root Node256 
		185th child Node16 
		41st (grand)child Node1 
		0th (great grand)child String 
		253rd (great grand)child Node1
ins loop [ 160, 52, 201, 178 ]
	post-ins, 
		root Node256 
		185th child Node16 
		41st (grand)child Node1 
		0th (great grand)child String 
		253rd (great grand)child Node1
ins loop [ 177, 236, 51, 32 ]
	post-ins, 
		root Node256 
		185th child Node16 
		41st (grand)child Node1 
		0th (great grand)child String 
		253rd (great grand)child Node1
ins loop [ 141, 41, 78, 28 ]
	post-ins, 
		root Node256 
		185th child Node16 
		41st (grand)child Node1 
		0th (great grand)child String 
		253rd (great grand)child Node1
ins loop [ 146, 214, 220, 77 ]
	post-ins, 
		root Node256 
		185th child Node16 
		41st (grand)child Node1 
		0th (great grand)child String 
		253rd (great grand)child Node1
ins loop [ 69, 27, 111, 205 ]
	post-ins, 
		root Node256 
		185th child Node16 
		41st (grand)child Node1 
		0th (great grand)child String 
		253rd (great grand)child Node1
ins loop [ 132, 229, 208, 130 ]
	post-ins, 
		root Node256 
		185th child Node16 
		41st (grand)child Node1 
		0th (great grand)child String 
		253rd (great grand)child Node1
ins loop [ 148, 149, 184, 183 ]
	post-ins, 
		root Node256 
		185th child Node16 
		41st (grand)child Node1 
		0th (great grand)child String 
		253rd (great grand)child Node1
ins loop [ 228, 93, 143, 47 ]
	post-ins, 
		root Node256 
		185th child Node16 
		41st (grand)child Node1 
		0th (great grand)child String 
		253rd (great grand)child Node1
ins loop [ 133, 207, 111, 124 ]
	post-ins, 
		root Node256 
		185th child Node16 
		41st (grand)child Node1 
		0th (great grand)child String 
		253rd (great grand)child Node1
ins loop [ 236, 20, 86, 21 ]
	post-ins, 
		root Node256 
		185th child Node16 
		41st (grand)child Node1 
		0th (great grand)child String 
		253rd (great grand)child Node1
ins loop [ 186, 20, 225, 247 ]
	post-ins, 
		root Node256 
		185th child Node16 
		41st (grand)child Node1 
		0th (great grand)child String 
		253rd (great grand)child Node1
ins loop [ 169, 156, 218, 85 ]
	post-ins, 
		root Node256 
		185th child Node16 
		41st (grand)child Node1 
		0th (great grand)child String 
		253rd (great grand)child Node1
ins loop [ 116, 78, 210, 186 ]
	post-ins, 
		root Node256 
		185th child Node16 
		41st (grand)child Node1 
		0th (great grand)child String 
		253rd (great grand)child Node1
ins loop [ 17, 114, 36, 195 ]
	post-ins, 
		root Node256 
		185th child Node16 
		41st (grand)child Node1 
		0th (great grand)child String 
		253rd (great grand)child Node1
ins loop [ 217, 134, 144, 153 ]
	post-ins, 
		root Node256 
		185th child Node16 
		41st (grand)child Node1 
		0th (great grand)child String 
		253rd (great grand)child Node1
ins loop [ 43, 178, 127, 78 ]
	post-ins, 
		root Node256 
		185th child Node16 
		41st (grand)child Node1 
		0th (great grand)child String 
		253rd (great grand)child Node1
ins loop [ 120, 40, 124, 213 ]
	post-ins, 
		root Node256 
		185th child Node16 
		41st (grand)child Node1 
		0th (great grand)child String 
		253rd (great grand)child Node1
ins loop [ 69, 73, 169, 172 ]
	post-ins, 
		root Node256 
		185th child Node16 
		41st (grand)child Node1 
		0th (great grand)child String 
		253rd (great grand)child Node1
ins loop [ 215, 229, 115, 119 ]
	post-ins, 
		root Node256 
		185th child Node16 
		41st (grand)child Node1 
		0th (great grand)child String 
		253rd (great grand)child Node1
ins loop [ 176, 171, 145, 49 ]
	post-ins, 
		root Node256 
		185th child Node16 
		41st (grand)child Node1 
		0th (great grand)child String 
		253rd (great grand)child Node1
ins loop [ 81, 29, 158, 137 ]
	post-ins, 
		root Node256 
		185th child Node16 
		41st (grand)child Node1 
		0th (great grand)child String 
		253rd (great grand)child Node1
ins loop [ 147, 31, 255, 250 ]
	post-ins, 
		root Node256 
		185th child Node16 
		41st (grand)child Node1 
		0th (great grand)child String 
		253rd (great grand)child Node1
ins loop [ 89, 32, 133, 190 ]
	post-ins, 
		root Node256 
		185th child Node16 
		41st (grand)child Node1 
		0th (great grand)child String 
		253rd (great grand)child Node1
ins loop [ 178, 169, 29, 104 ]
	post-ins, 
		root Node256 
		185th child Node16 
		41st (grand)child Node1 
		0th (great grand)child String 
		253rd (great grand)child Node1
ins loop [ 135, 221, 91, 85 ]
	post-ins, 
		root Node256 
		185th child Node16 
		41st (grand)child Node1 
		0th (great grand)child String 
		253rd (great grand)child Node1
ins loop [ 145, 197, 80, 1 ]
	post-ins, 
		root Node256 
		185th child Node16 
		41st (grand)child Node1 
		0th (great grand)child String 
		253rd (great grand)child Node1
ins loop [ 168, 239, 85, 243 ]
	post-ins, 
		root Node256 
		185th child Node16 
		41st (grand)child Node1 
		0th (great grand)child String 
		253rd (great grand)child Node1
ins loop [ 126, 40, 78, 170 ]
	post-ins, 
		root Node256 
		185th child Node16 
		41st (grand)child Node1 
		0th (great grand)child String 
		253rd (great grand)child Node1
ins loop [ 174, 160, 101, 209 ]
	post-ins, 
		root Node256 
		185th child Node16 
		41st (grand)child Node1 
		0th (great grand)child String 
		253rd (great grand)child Node1
ins loop [ 63, 149, 111, 132 ]
	post-ins, 
		root Node256 
		185th child Node16 
		41st (grand)child Node1 
		0th (great grand)child String 
		253rd (great grand)child Node1
ins loop [ 33, 47, 180, 143 ]
	post-ins, 
		root Node256 
		185th child Node16 
		41st (grand)child Node1 
		0th (great grand)child String 
		253rd (great grand)child Node1
ins loop [ 95, 208, 37, 197 ]
	post-ins, 
		root Node256 
		185th child Node16 
		41st (grand)child Node1 
		0th (great grand)child String 
		253rd (great grand)child Node1
ins loop [ 46, 206, 159, 143 ]
	post-ins, 
		root Node256 
		185th child Node16 
		41st (grand)child Node1 
		0th (great grand)child String 
		253rd (great grand)child Node1
ins loop [ 237, 34, 209, 117 ]
	post-ins, 
		root Node256 
		185th child Node16 
		41st (grand)child Node1 
		0th (great grand)child String 
		253rd (great grand)child Node1
ins loop [ 90, 99, 170, 142 ]
	post-ins, 
		root Node256 
		185th child Node16 
		41st (grand)child Node1 
		0th (great grand)child String 
		253rd (great grand)child Node1
ins loop [ 60, 40, 142, 45 ]
	post-ins, 
		root Node256 
		185th child Node16 
		41st (grand)child Node1 
		0th (great grand)child String 
		253rd (great grand)child Node1
ins loop [ 39, 89, 88, 175 ]
	post-ins, 
		root Node256 
		185th child Node16 
		41st (grand)child Node1 
		0th (great grand)child String 
		253rd (great grand)child Node1
ins loop [ 14, 46, 137, 210 ]
	post-ins, 
		root Node256 
		185th child Node16 
		41st (grand)child Node1 
		0th (great grand)child String 
		253rd (great grand)child Node1
ins loop [ 94, 222, 69, 82 ]
	post-ins, 
		root Node256 
		185th child Node16 
		41st (grand)child Node1 
		0th (great grand)child String 
		253rd (great grand)child Node1
ins loop [ 170, 209, 120, 227 ]
	post-ins, 
		root Node256 
		185th child Node16 
		41st (grand)child Node1 
		0th (great grand)child String 
		253rd (great grand)child Node1
ins loop [ 141, 209, 217, 7 ]
	post-ins, 
		root Node256 
		185th child Node16 
		41st (grand)child Node1 
		0th (great grand)child String 
		253rd (great grand)child Node1
ins loop [ 66, 251, 119, 67 ]
	post-ins, 
		root Node256 
		185th child Node16 
		41st (grand)child Node1 
		0th (great grand)child String 
		253rd (great grand)child Node1
ins loop [ 126, 44, 187, 72 ]
	post-ins, 
		root Node256 
		185th child Node16 
		41st (grand)child Node1 
		0th (great grand)child String 
		253rd (great grand)child Node1
ins loop [ 117, 69, 112, 131 ]
	post-ins, 
		root Node256 
		185th child Node16 
		41st (grand)child Node1 
		0th (great grand)child String 
		253rd (great grand)child Node1
ins loop [ 198, 188, 49, 179 ]
	post-ins, 
		root Node256 
		185th child Node16 
		41st (grand)child Node1 
		0th (great grand)child String 
		253rd (great grand)child Node1
ins loop [ 4, 92, 220, 133 ]
	post-ins, 
		root Node256 
		185th child Node16 
		41st (grand)child Node1 
		0th (great grand)child String 
		253rd (great grand)child Node1
ins loop [ 61, 113, 236, 99 ]
	post-ins, 
		root Node256 
		185th child Node16 
		41st (grand)child Node1 
		0th (great grand)child String 
		253rd (great grand)child Node1
ins loop [ 39, 103, 62, 73 ]
	post-ins, 
		root Node256 
		185th child Node16 
		41st (grand)child Node1 
		0th (great grand)child String 
		253rd (great grand)child Node1
ins loop [ 64, 73, 215, 169 ]
	post-ins, 
		root Node256 
		185th child Node16 
		41st (grand)child Node1 
		0th (great grand)child String 
		253rd (great grand)child Node1
ins loop [ 21, 163, 181, 161 ]
	post-ins, 
		root Node256 
		185th child Node16 
		41st (grand)child Node1 
		0th (great grand)child String 
		253rd (great grand)child Node1
ins loop [ 247, 192, 190, 122 ]
	post-ins, 
		root Node256 
		185th child Node16 
		41st (grand)child Node1 
		0th (great grand)child String 
		253rd (great grand)child Node1
ins loop [ 20, 85, 14, 138 ]
	post-ins, 
		root Node256 
		185th child Node16 
		41st (grand)child Node1 
		0th (great grand)child String 
		253rd (great grand)child Node1
ins loop [ 8, 29, 1, 179 ]
	post-ins, 
		root Node256 
		185th child Node16 
		41st (grand)child Node1 
		0th (great grand)child String 
		253rd (great grand)child Node1
ins loop [ 128, 30, 28, 148 ]
	post-ins, 
		root Node256 
		185th child Node16 
		41st (grand)child Node1 
		0th (great grand)child String 
		253rd (great grand)child Node1
ins loop [ 219, 61, 109, 221 ]
	post-ins, 
		root Node256 
		185th child Node16 
		41st (grand)child Node1 
		0th (great grand)child String 
		253rd (great grand)child Node1
ins loop [ 137, 4, 134, 201 ]
	post-ins, 
		root Node256 
		185th child Node16 
		41st (grand)child Node1 
		0th (great grand)child String 
		253rd (great grand)child Node1
ins loop [ 233, 55, 142, 27 ]
	post-ins, 
		root Node256 
		185th child Node16 
		41st (grand)child Node1 
		0th (great grand)child String 
		253rd (great grand)child Node1
ins loop [ 130, 212, 170, 89 ]
	post-ins, 
		root Node256 
		185th child Node16 
		41st (grand)child Node1 
		0th (great grand)child String 
		253rd (great grand)child Node1
ins loop [ 215, 35, 242, 78 ]
	post-ins, 
		root Node256 
		185th child Node16 
		41st (grand)child Node1 
		0th (great grand)child String 
		253rd (great grand)child Node1
ins loop [ 21, 45, 50, 214 ]
	post-ins, 
		root Node256 
		185th child Node16 
		41st (grand)child Node1 
		0th (great grand)child String 
		253rd (great grand)child Node1
ins loop [ 84, 18, 124, 183 ]
	post-ins, 
		root Node256 
		185th child Node16 
		41st (grand)child Node1 
		0th (great grand)child String 
		253rd (great grand)child Node1
ins loop [ 64, 33, 145, 171 ]
	post-ins, 
		root Node256 
		185th child Node16 
		41st (grand)child Node1 
		0th (great grand)child String 
		253rd (great grand)child Node1
ins loop [ 197, 53, 157, 172 ]
	post-ins, 
		root Node256 
		185th child Node16 
		41st (grand)child Node1 
		0th (great grand)child String 
		253rd (great grand)child Node1
ins loop [ 113, 110, 40, 138 ]
	post-ins, 
		root Node256 
		185th child Node16 
		41st (grand)child Node1 
		0th (great grand)child String 
		253rd (great grand)child Node1
ins loop [ 216, 245, 252, 97 ]
	post-ins, 
		root Node256 
		185th child Node16 
		41st (grand)child Node1 
		0th (great grand)child String 
		253rd (great grand)child Node1
ins loop [ 105, 87, 240, 146 ]
	post-ins, 
		root Node256 
		185th child Node16 
		41st (grand)child Node1 
		0th (great grand)child String 
		253rd (great grand)child Node1
ins loop [ 148, 104, 172, 146 ]
	post-ins, 
		root Node256 
		185th child Node16 
		41st (grand)child Node1 
		0th (great grand)child String 
		253rd (great grand)child Node1
ins loop [ 129, 64, 101, 217 ]
	post-ins, 
		root Node256 
		185th child Node16 
		41st (grand)child Node1 
		0th (great grand)child String 
		253rd (great grand)child Node1
ins loop [ 251, 2, 181, 82 ]
	post-ins, 
		root Node256 
		185th child Node16 
		41st (grand)child Node1 
		0th (great grand)child String 
		253rd (great grand)child Node1
ins loop [ 168, 58, 209, 109 ]
	post-ins, 
		root Node256 
		185th child Node16 
		41st (grand)child Node1 
		0th (great grand)child String 
		253rd (great grand)child Node1
ins loop [ 187, 240, 81, 187 ]
	post-ins, 
		root Node256 
		185th child Node16 
		41st (grand)child Node1 
		0th (great grand)child String 
		253rd (great grand)child Node1
ins loop [ 12, 202, 55, 233 ]
	post-ins, 
		root Node256 
		185th child Node16 
		41st (grand)child Node1 
		0th (great grand)child String 
		253rd (great grand)child Node1
ins loop [ 194, 105, 31, 145 ]
	post-ins, 
		root Node256 
		185th child Node16 
		41st (grand)child Node1 
		0th (great grand)child String 
		253rd (great grand)child Node1
ins loop [ 63, 137, 215, 155 ]
	post-ins, 
		root Node256 
		185th child Node16 
		41st (grand)child Node1 
		0th (great grand)child String 
		253rd (great grand)child Node1
ins loop [ 48, 109, 27, 63 ]
	post-ins, 
		root Node256 
		185th child Node16 
		41st (grand)child Node1 
		0th (great grand)child String 
		253rd (great grand)child Node1
ins loop [ 233, 203, 189, 139 ]
	post-ins, 
		root Node256 
		185th child Node16 
		41st (grand)child Node1 
		0th (great grand)child String 
		253rd (great grand)child Node1
ins loop [ 24, 199, 85, 147 ]
	post-ins, 
		root Node256 
		185th child Node16 
		41st (grand)child Node1 
		0th (great grand)child String 
		253rd (great grand)child Node1
ins loop [ 170, 137, 247, 249 ]
	post-ins, 
		root Node256 
		185th child Node16 
		41st (grand)child Node1 
		0th (great grand)child String 
		253rd (great grand)child Node1
ins loop [ 69, 193, 6, 229 ]
	post-ins, 
		root Node256 
		185th child Node16 
		41st (grand)child Node1 
		0th (great grand)child String 
		253rd (great grand)child Node1
failures: 1, successes: 0, label: canary failure
