ins loop pre, i 0 rec [ 83, 33, 240, 4 ] root type Node1
ins loop post, i 0 rec [ 83, 33, 240, 4 ] root type Node1
ins loop pre, i 1 rec [ 142, 133, 187, 71 ] root type Node1
ins loop post, i 1 rec [ 142, 133, 187, 71 ] root type Node4
ins loop pre, i 2 rec [ 63, 203, 239, 148 ] root type Node4
ins loop post, i 2 rec [ 63, 203, 239, 148 ] root type Node4
ins loop pre, i 3 rec [ 4, 68, 250, 179 ] root type Node4
ins loop post, i 3 rec [ 4, 68, 250, 179 ] root type Node4
ins loop pre, i 4 rec [ 114, 37, 117, 219 ] root type Node4
ins loop post, i 4 rec [ 114, 37, 117, 219 ] root type Node4
ins loop pre, i 5 rec [ 37, 166, 10, 145 ] root type Node4
ins loop post, i 5 rec [ 37, 166, 10, 145 ] root type Node4
ins loop pre, i 6 rec [ 235, 131, 39, 102 ] root type Node4
ins loop post, i 6 rec [ 235, 131, 39, 102 ] root type Node16
ins loop pre, i 7 rec [ 240, 208, 201, 178 ] root type Node16
ins loop post, i 7 rec [ 240, 208, 201, 178 ] root type Node16
ins loop pre, i 8 rec [ 39, 195, 181, 182 ] root type Node16
ins loop post, i 8 rec [ 39, 195, 181, 182 ] root type Node16
ins loop pre, i 9 rec [ 239, 243, 235, 191 ] root type Node16
ins loop post, i 9 rec [ 239, 243, 235, 191 ] root type Node16
ins loop pre, i 10 rec [ 193, 66, 93, 57 ] root type Node16
ins loop post, i 10 rec [ 193, 66, 93, 57 ] root type Node16
ins loop pre, i 11 rec [ 143, 54, 63, 224 ] root type Node16
ins loop post, i 11 rec [ 143, 54, 63, 224 ] root type Node16
ins loop pre, i 12 rec [ 45, 231, 245, 201 ] root type Node16
ins loop post, i 12 rec [ 45, 231, 245, 201 ] root type Node16
ins loop pre, i 13 rec [ 244, 246, 95, 110 ] root type Node16
ins loop post, i 13 rec [ 244, 246, 95, 110 ] root type Node16
ins loop pre, i 14 rec [ 141, 94, 215, 179 ] root type Node16
ins loop post, i 14 rec [ 141, 94, 215, 179 ] root type Node16
ins loop pre, i 15 rec [ 237, 195, 228, 130 ] root type Node16
ins loop post, i 15 rec [ 237, 195, 228, 130 ] root type Node16
ins loop pre, i 16 rec [ 57, 51, 115, 133 ] root type Node16
ins loop post, i 16 rec [ 57, 51, 115, 133 ] root type Node16
ins loop pre, i 17 rec [ 43, 104, 186, 20 ] root type Node16
ins loop post, i 17 rec [ 43, 104, 186, 20 ] root type Node16
ins loop pre, i 18 rec [ 43, 33, 124, 104 ] root type Node16
n16.ins dbg, IP 3 keyByte 43 this[0][IP-1] 39
ins loop post, i 18 rec [ 43, 33, 124, 104 ] root type Node48
404dbg [ 43, 33, 124, 104 ] ret 0 Node48
ins loop pre, i 19 rec [ 104, 76, 235, 226 ] root type Node48
ins loop post, i 19 rec [ 104, 76, 235, 226 ] root type Node48
ins loop pre, i 20 rec [ 194, 249, 24, 44 ] root type Node48
ins loop post, i 20 rec [ 194, 249, 24, 44 ] root type Node48
ins loop pre, i 21 rec [ 88, 19, 204, 70 ] root type Node48
ins loop post, i 21 rec [ 88, 19, 204, 70 ] root type Node48
ins loop pre, i 22 rec [ 150, 204, 91, 78 ] root type Node48
ins loop post, i 22 rec [ 150, 204, 91, 78 ] root type Node48
ins loop pre, i 23 rec [ 91, 18, 103, 160 ] root type Node48
ins loop post, i 23 rec [ 91, 18, 103, 160 ] root type Node48
ins loop pre, i 24 rec [ 102, 72, 51, 75 ] root type Node48
ins loop post, i 24 rec [ 102, 72, 51, 75 ] root type Node48
ins loop pre, i 25 rec [ 32, 233, 196, 67 ] root type Node48
ins loop post, i 25 rec [ 32, 233, 196, 67 ] root type Node48
ins loop pre, i 26 rec [ 46, 136, 129, 161 ] root type Node48
ins loop post, i 26 rec [ 46, 136, 129, 161 ] root type Node48
ins loop pre, i 27 rec [ 155, 23, 155, 121 ] root type Node48
ins loop post, i 27 rec [ 155, 23, 155, 121 ] root type Node48
ins loop pre, i 28 rec [ 64, 194, 179, 122 ] root type Node48
ins loop post, i 28 rec [ 64, 194, 179, 122 ] root type Node48
ins loop pre, i 29 rec [ 110, 188, 116, 17 ] root type Node48
ins loop post, i 29 rec [ 110, 188, 116, 17 ] root type Node48
ins loop pre, i 30 rec [ 59, 47, 194, 110 ] root type Node48
ins loop post, i 30 rec [ 59, 47, 194, 110 ] root type Node48
ins loop pre, i 31 rec [ 19, 59, 111, 17 ] root type Node48
ins loop post, i 31 rec [ 19, 59, 111, 17 ] root type Node48
ins loop pre, i 32 rec [ 24, 163, 191, 230 ] root type Node48
ins loop post, i 32 rec [ 24, 163, 191, 230 ] root type Node48
ins loop pre, i 33 rec [ 9, 136, 125, 10 ] root type Node48
ins loop post, i 33 rec [ 9, 136, 125, 10 ] root type Node48
ins loop pre, i 34 rec [ 30, 168, 239, 240 ] root type Node48
ins loop post, i 34 rec [ 30, 168, 239, 240 ] root type Node48
ins loop pre, i 35 rec [ 77, 56, 180, 1 ] root type Node48
ins loop post, i 35 rec [ 77, 56, 180, 1 ] root type Node48
ins loop pre, i 36 rec [ 211, 119, 76, 231 ] root type Node48
ins loop post, i 36 rec [ 211, 119, 76, 231 ] root type Node48
ins loop pre, i 37 rec [ 208, 173, 122, 16 ] root type Node48
ins loop post, i 37 rec [ 208, 173, 122, 16 ] root type Node48
ins loop pre, i 38 rec [ 29, 175, 35, 75 ] root type Node48
ins loop post, i 38 rec [ 29, 175, 35, 75 ] root type Node48
ins loop pre, i 39 rec [ 244, 129, 69, 122 ] root type Node48
ins loop post, i 39 rec [ 244, 129, 69, 122 ] root type Node48
ins loop pre, i 40 rec [ 65, 135, 171, 12 ] root type Node48
ins loop post, i 40 rec [ 65, 135, 171, 12 ] root type Node48
ins loop pre, i 41 rec [ 167, 164, 151, 123 ] root type Node48
ins loop post, i 41 rec [ 167, 164, 151, 123 ] root type Node48
ins loop pre, i 42 rec [ 47, 90, 187, 252 ] root type Node48
ins loop post, i 42 rec [ 47, 90, 187, 252 ] root type Node48
ins loop pre, i 43 rec [ 3, 33, 12, 140 ] root type Node48
ins loop post, i 43 rec [ 3, 33, 12, 140 ] root type Node48
ins loop pre, i 44 rec [ 182, 87, 52, 236 ] root type Node48
ins loop post, i 44 rec [ 182, 87, 52, 236 ] root type Node48
ins loop pre, i 45 rec [ 77, 74, 82, 237 ] root type Node48
ins loop post, i 45 rec [ 77, 74, 82, 237 ] root type Node48
ins loop pre, i 46 rec [ 133, 91, 102, 194 ] root type Node48
ins loop post, i 46 rec [ 133, 91, 102, 194 ] root type Node48
ins loop pre, i 47 rec [ 210, 116, 3, 81 ] root type Node48
ins loop post, i 47 rec [ 210, 116, 3, 81 ] root type Node48
ins loop pre, i 48 rec [ 198, 212, 26, 62 ] root type Node48
ins loop post, i 48 rec [ 198, 212, 26, 62 ] root type Node48
ins loop pre, i 49 rec [ 105, 73, 42, 109 ] root type Node48
ins loop post, i 49 rec [ 105, 73, 42, 109 ] root type Node48
ins loop pre, i 50 rec [ 229, 109, 192, 76 ] root type Node48
ins loop post, i 50 rec [ 229, 109, 192, 76 ] root type Node48
ins loop pre, i 51 rec [ 188, 48, 148, 69 ] root type Node48
ins loop post, i 51 rec [ 188, 48, 148, 69 ] root type Node48
ins loop pre, i 52 rec [ 9, 50, 103, 229 ] root type Node48
ins loop post, i 52 rec [ 9, 50, 103, 229 ] root type Node48
ins loop pre, i 53 rec [ 81, 51, 229, 167 ] root type Node48
ins loop post, i 53 rec [ 81, 51, 229, 167 ] root type Node48
ins loop pre, i 54 rec [ 11, 252, 155, 68 ] root type Node48
ins loop post, i 54 rec [ 11, 252, 155, 68 ] root type Node256
ins loop pre, i 55 rec [ 203, 87, 129, 236 ] root type Node256
ins loop post, i 55 rec [ 203, 87, 129, 236 ] root type Node256
ins loop pre, i 56 rec [ 220, 222, 88, 58 ] root type Node256
ins loop post, i 56 rec [ 220, 222, 88, 58 ] root type Node256
ins loop pre, i 57 rec [ 199, 17, 29, 252 ] root type Node256
ins loop post, i 57 rec [ 199, 17, 29, 252 ] root type Node256
ins loop pre, i 58 rec [ 145, 78, 24, 69 ] root type Node256
ins loop post, i 58 rec [ 145, 78, 24, 69 ] root type Node256
ins loop pre, i 59 rec [ 75, 175, 151, 111 ] root type Node256
ins loop post, i 59 rec [ 75, 175, 151, 111 ] root type Node256
ins loop pre, i 60 rec [ 18, 127, 39, 127 ] root type Node256
ins loop post, i 60 rec [ 18, 127, 39, 127 ] root type Node256
ins loop pre, i 61 rec [ 221, 224, 30, 150 ] root type Node256
ins loop post, i 61 rec [ 221, 224, 30, 150 ] root type Node256
ins loop pre, i 62 rec [ 122, 92, 159, 200 ] root type Node256
ins loop post, i 62 rec [ 122, 92, 159, 200 ] root type Node256
ins loop pre, i 63 rec [ 68, 103, 39, 66 ] root type Node256
ins loop post, i 63 rec [ 68, 103, 39, 66 ] root type Node256
ins loop pre, i 64 rec [ 114, 28, 182, 250 ] root type Node256
ins loop post, i 64 rec [ 114, 28, 182, 250 ] root type Node256
ins loop pre, i 65 rec [ 83, 12, 253, 40 ] root type Node256
ins loop post, i 65 rec [ 83, 12, 253, 40 ] root type Node256
ins loop pre, i 66 rec [ 14, 31, 76, 117 ] root type Node256
ins loop post, i 66 rec [ 14, 31, 76, 117 ] root type Node256
ins loop pre, i 67 rec [ 128, 164, 69, 234 ] root type Node256
ins loop post, i 67 rec [ 128, 164, 69, 234 ] root type Node256
ins loop pre, i 68 rec [ 208, 33, 144, 112 ] root type Node256
ins loop post, i 68 rec [ 208, 33, 144, 112 ] root type Node256
ins loop pre, i 69 rec [ 142, 236, 111, 112 ] root type Node256
ins loop post, i 69 rec [ 142, 236, 111, 112 ] root type Node256
ins loop pre, i 70 rec [ 106, 235, 85, 150 ] root type Node256
ins loop post, i 70 rec [ 106, 235, 85, 150 ] root type Node256
ins loop pre, i 71 rec [ 16, 35, 161, 57 ] root type Node256
ins loop post, i 71 rec [ 16, 35, 161, 57 ] root type Node256
ins loop pre, i 72 rec [ 215, 208, 6, 107 ] root type Node256
ins loop post, i 72 rec [ 215, 208, 6, 107 ] root type Node256
ins loop pre, i 73 rec [ 2, 158, 19, 240 ] root type Node256
ins loop post, i 73 rec [ 2, 158, 19, 240 ] root type Node256
ins loop pre, i 74 rec [ 148, 17, 209, 137 ] root type Node256
ins loop post, i 74 rec [ 148, 17, 209, 137 ] root type Node256
ins loop pre, i 75 rec [ 6, 192, 238, 36 ] root type Node256
ins loop post, i 75 rec [ 6, 192, 238, 36 ] root type Node256
ins loop pre, i 76 rec [ 52, 136, 89, 109 ] root type Node256
ins loop post, i 76 rec [ 52, 136, 89, 109 ] root type Node256
ins loop pre, i 77 rec [ 209, 104, 127, 4 ] root type Node256
ins loop post, i 77 rec [ 209, 104, 127, 4 ] root type Node256
ins loop pre, i 78 rec [ 89, 24, 111, 252 ] root type Node256
ins loop post, i 78 rec [ 89, 24, 111, 252 ] root type Node256
ins loop pre, i 79 rec [ 159, 87, 48, 209 ] root type Node256
ins loop post, i 79 rec [ 159, 87, 48, 209 ] root type Node256
ins loop pre, i 80 rec [ 216, 78, 45, 121 ] root type Node256
ins loop post, i 80 rec [ 216, 78, 45, 121 ] root type Node256
ins loop pre, i 81 rec [ 120, 30, 98, 236 ] root type Node256
ins loop post, i 81 rec [ 120, 30, 98, 236 ] root type Node256
ins loop pre, i 82 rec [ 88, 40, 78, 205 ] root type Node256
ins loop post, i 82 rec [ 88, 40, 78, 205 ] root type Node256
ins loop pre, i 83 rec [ 37, 81, 62, 13 ] root type Node256
ins loop post, i 83 rec [ 37, 81, 62, 13 ] root type Node256
ins loop pre, i 84 rec [ 41, 125, 206, 216 ] root type Node256
ins loop post, i 84 rec [ 41, 125, 206, 216 ] root type Node256
ins loop pre, i 85 rec [ 78, 57, 161, 211 ] root type Node256
ins loop post, i 85 rec [ 78, 57, 161, 211 ] root type Node256
ins loop pre, i 86 rec [ 76, 52, 92, 37 ] root type Node256
ins loop post, i 86 rec [ 76, 52, 92, 37 ] root type Node256
ins loop pre, i 87 rec [ 71, 125, 94, 197 ] root type Node256
ins loop post, i 87 rec [ 71, 125, 94, 197 ] root type Node256
ins loop pre, i 88 rec [ 122, 166, 28, 60 ] root type Node256
ins loop post, i 88 rec [ 122, 166, 28, 60 ] root type Node256
ins loop pre, i 89 rec [ 212, 159, 143, 187 ] root type Node256
ins loop post, i 89 rec [ 212, 159, 143, 187 ] root type Node256
ins loop pre, i 90 rec [ 104, 199, 208, 243 ] root type Node256
ins loop post, i 90 rec [ 104, 199, 208, 243 ] root type Node256
ins loop pre, i 91 rec [ 52, 4, 157, 13 ] root type Node256
ins loop post, i 91 rec [ 52, 4, 157, 13 ] root type Node256
ins loop pre, i 92 rec [ 255, 248, 78, 126 ] root type Node256
ins loop post, i 92 rec [ 255, 248, 78, 126 ] root type Node256
ins loop pre, i 93 rec [ 247, 27, 68, 241 ] root type Node256
ins loop post, i 93 rec [ 247, 27, 68, 241 ] root type Node256
ins loop pre, i 94 rec [ 80, 131, 255, 28 ] root type Node256
ins loop post, i 94 rec [ 80, 131, 255, 28 ] root type Node256
ins loop pre, i 95 rec [ 201, 147, 117, 9 ] root type Node256
ins loop post, i 95 rec [ 201, 147, 117, 9 ] root type Node256
ins loop pre, i 96 rec [ 30, 164, 222, 212 ] root type Node256
ins loop post, i 96 rec [ 30, 164, 222, 212 ] root type Node256
ins loop pre, i 97 rec [ 158, 17, 51, 15 ] root type Node256
ins loop post, i 97 rec [ 158, 17, 51, 15 ] root type Node256
ins loop pre, i 98 rec [ 54, 191, 142, 134 ] root type Node256
ins loop post, i 98 rec [ 54, 191, 142, 134 ] root type Node256
ins loop pre, i 99 rec [ 128, 110, 34, 127 ] root type Node256
ins loop post, i 99 rec [ 128, 110, 34, 127 ] root type Node256
ins loop pre, i 100 rec [ 53, 31, 236, 94 ] root type Node256
ins loop post, i 100 rec [ 53, 31, 236, 94 ] root type Node256
ins loop pre, i 101 rec [ 215, 59, 23, 199 ] root type Node256
ins loop post, i 101 rec [ 215, 59, 23, 199 ] root type Node256
ins loop pre, i 102 rec [ 245, 123, 152, 203 ] root type Node256
ins loop post, i 102 rec [ 245, 123, 152, 203 ] root type Node256
ins loop pre, i 103 rec [ 244, 113, 99, 226 ] root type Node256
ins loop post, i 103 rec [ 244, 113, 99, 226 ] root type Node256
ins loop pre, i 104 rec [ 106, 6, 207, 167 ] root type Node256
ins loop post, i 104 rec [ 106, 6, 207, 167 ] root type Node256
ins loop pre, i 105 rec [ 182, 81, 234, 238 ] root type Node256
ins loop post, i 105 rec [ 182, 81, 234, 238 ] root type Node256
ins loop pre, i 106 rec [ 220, 244, 126, 45 ] root type Node256
ins loop post, i 106 rec [ 220, 244, 126, 45 ] root type Node256
ins loop pre, i 107 rec [ 188, 241, 210, 136 ] root type Node256
ins loop post, i 107 rec [ 188, 241, 210, 136 ] root type Node256
ins loop pre, i 108 rec [ 53, 159, 238, 221 ] root type Node256
ins loop post, i 108 rec [ 53, 159, 238, 221 ] root type Node256
ins loop pre, i 109 rec [ 202, 100, 12, 181 ] root type Node256
ins loop post, i 109 rec [ 202, 100, 12, 181 ] root type Node256
ins loop pre, i 110 rec [ 228, 52, 11, 19 ] root type Node256
ins loop post, i 110 rec [ 228, 52, 11, 19 ] root type Node256
ins loop pre, i 111 rec [ 123, 199, 107, 138 ] root type Node256
ins loop post, i 111 rec [ 123, 199, 107, 138 ] root type Node256
ins loop pre, i 112 rec [ 239, 134, 160, 208 ] root type Node256
ins loop post, i 112 rec [ 239, 134, 160, 208 ] root type Node256
ins loop pre, i 113 rec [ 101, 219, 223, 4 ] root type Node256
ins loop post, i 113 rec [ 101, 219, 223, 4 ] root type Node256
ins loop pre, i 114 rec [ 222, 96, 211, 42 ] root type Node256
ins loop post, i 114 rec [ 222, 96, 211, 42 ] root type Node256
ins loop pre, i 115 rec [ 113, 158, 22, 81 ] root type Node256
ins loop post, i 115 rec [ 113, 158, 22, 81 ] root type Node256
ins loop pre, i 116 rec [ 207, 186, 109, 241 ] root type Node256
ins loop post, i 116 rec [ 207, 186, 109, 241 ] root type Node256
ins loop pre, i 117 rec [ 115, 46, 25, 3 ] root type Node256
ins loop post, i 117 rec [ 115, 46, 25, 3 ] root type Node256
ins loop pre, i 118 rec [ 4, 72, 149, 177 ] root type Node256
ins loop post, i 118 rec [ 4, 72, 149, 177 ] root type Node256
ins loop pre, i 119 rec [ 85, 246, 209, 161 ] root type Node256
ins loop post, i 119 rec [ 85, 246, 209, 161 ] root type Node256
ins loop pre, i 120 rec [ 69, 209, 129, 41 ] root type Node256
ins loop post, i 120 rec [ 69, 209, 129, 41 ] root type Node256
ins loop pre, i 121 rec [ 254, 199, 82, 50 ] root type Node256
ins loop post, i 121 rec [ 254, 199, 82, 50 ] root type Node256
ins loop pre, i 122 rec [ 22, 130, 243, 108 ] root type Node256
ins loop post, i 122 rec [ 22, 130, 243, 108 ] root type Node256
ins loop pre, i 123 rec [ 42, 74, 23, 88 ] root type Node256
ins loop post, i 123 rec [ 42, 74, 23, 88 ] root type Node256
ins loop pre, i 124 rec [ 170, 90, 157, 103 ] root type Node256
ins loop post, i 124 rec [ 170, 90, 157, 103 ] root type Node256
ins loop pre, i 125 rec [ 187, 203, 37, 0 ] root type Node256
ins loop post, i 125 rec [ 187, 203, 37, 0 ] root type Node256
ins loop pre, i 126 rec [ 30, 39, 114, 18 ] root type Node256
ins loop post, i 126 rec [ 30, 39, 114, 18 ] root type Node256
ins loop pre, i 127 rec [ 12, 91, 86, 179 ] root type Node256
ins loop post, i 127 rec [ 12, 91, 86, 179 ] root type Node256
ins loop pre, i 128 rec [ 187, 64, 62, 211 ] root type Node256
ins loop post, i 128 rec [ 187, 64, 62, 211 ] root type Node256
ins loop pre, i 129 rec [ 197, 188, 38, 106 ] root type Node256
ins loop post, i 129 rec [ 197, 188, 38, 106 ] root type Node256
ins loop pre, i 130 rec [ 129, 26, 178, 250 ] root type Node256
ins loop post, i 130 rec [ 129, 26, 178, 250 ] root type Node256
ins loop pre, i 131 rec [ 188, 32, 244, 39 ] root type Node256
ins loop post, i 131 rec [ 188, 32, 244, 39 ] root type Node256
ins loop pre, i 132 rec [ 197, 137, 41, 128 ] root type Node256
ins loop post, i 132 rec [ 197, 137, 41, 128 ] root type Node256
ins loop pre, i 133 rec [ 153, 58, 232, 122 ] root type Node256
ins loop post, i 133 rec [ 153, 58, 232, 122 ] root type Node256
ins loop pre, i 134 rec [ 5, 202, 19, 168 ] root type Node256
ins loop post, i 134 rec [ 5, 202, 19, 168 ] root type Node256
ins loop pre, i 135 rec [ 121, 120, 78, 185 ] root type Node256
ins loop post, i 135 rec [ 121, 120, 78, 185 ] root type Node256
ins loop pre, i 136 rec [ 143, 77, 99, 169 ] root type Node256
ins loop post, i 136 rec [ 143, 77, 99, 169 ] root type Node256
ins loop pre, i 137 rec [ 60, 170, 226, 165 ] root type Node256
ins loop post, i 137 rec [ 60, 170, 226, 165 ] root type Node256
ins loop pre, i 138 rec [ 184, 174, 249, 118 ] root type Node256
ins loop post, i 138 rec [ 184, 174, 249, 118 ] root type Node256
ins loop pre, i 139 rec [ 90, 84, 133, 236 ] root type Node256
ins loop post, i 139 rec [ 90, 84, 133, 236 ] root type Node256
ins loop pre, i 140 rec [ 189, 38, 170, 50 ] root type Node256
ins loop post, i 140 rec [ 189, 38, 170, 50 ] root type Node256
ins loop pre, i 141 rec [ 182, 181, 248, 58 ] root type Node256
ins loop post, i 141 rec [ 182, 181, 248, 58 ] root type Node256
ins loop pre, i 142 rec [ 238, 114, 216, 203 ] root type Node256
ins loop post, i 142 rec [ 238, 114, 216, 203 ] root type Node256
ins loop pre, i 143 rec [ 61, 144, 1, 0 ] root type Node256
ins loop post, i 143 rec [ 61, 144, 1, 0 ] root type Node256
ins loop pre, i 144 rec [ 218, 135, 22, 100 ] root type Node256
ins loop post, i 144 rec [ 218, 135, 22, 100 ] root type Node256
ins loop pre, i 145 rec [ 202, 21, 81, 58 ] root type Node256
ins loop post, i 145 rec [ 202, 21, 81, 58 ] root type Node256
ins loop pre, i 146 rec [ 18, 126, 19, 74 ] root type Node256
ins loop post, i 146 rec [ 18, 126, 19, 74 ] root type Node256
ins loop pre, i 147 rec [ 59, 164, 227, 219 ] root type Node256
ins loop post, i 147 rec [ 59, 164, 227, 219 ] root type Node256
ins loop pre, i 148 rec [ 4, 109, 229, 223 ] root type Node256
ins loop post, i 148 rec [ 4, 109, 229, 223 ] root type Node256
ins loop pre, i 149 rec [ 165, 121, 3, 48 ] root type Node256
ins loop post, i 149 rec [ 165, 121, 3, 48 ] root type Node256
ins loop pre, i 150 rec [ 202, 135, 221, 11 ] root type Node256
ins loop post, i 150 rec [ 202, 135, 221, 11 ] root type Node256
ins loop pre, i 151 rec [ 243, 110, 185, 156 ] root type Node256
ins loop post, i 151 rec [ 243, 110, 185, 156 ] root type Node256
ins loop pre, i 152 rec [ 96, 249, 211, 170 ] root type Node256
ins loop post, i 152 rec [ 96, 249, 211, 170 ] root type Node256
ins loop pre, i 153 rec [ 206, 122, 219, 185 ] root type Node256
ins loop post, i 153 rec [ 206, 122, 219, 185 ] root type Node256
ins loop pre, i 154 rec [ 154, 4, 40, 120 ] root type Node256
ins loop post, i 154 rec [ 154, 4, 40, 120 ] root type Node256
ins loop pre, i 155 rec [ 250, 108, 189, 247 ] root type Node256
ins loop post, i 155 rec [ 250, 108, 189, 247 ] root type Node256
ins loop pre, i 156 rec [ 34, 85, 45, 118 ] root type Node256
ins loop post, i 156 rec [ 34, 85, 45, 118 ] root type Node256
ins loop pre, i 157 rec [ 150, 212, 147, 227 ] root type Node256
ins loop post, i 157 rec [ 150, 212, 147, 227 ] root type Node256
ins loop pre, i 158 rec [ 180, 178, 217, 251 ] root type Node256
ins loop post, i 158 rec [ 180, 178, 217, 251 ] root type Node256
ins loop pre, i 159 rec [ 48, 234, 218, 131 ] root type Node256
ins loop post, i 159 rec [ 48, 234, 218, 131 ] root type Node256
ins loop pre, i 160 rec [ 88, 21, 181, 168 ] root type Node256
ins loop post, i 160 rec [ 88, 21, 181, 168 ] root type Node256
ins loop pre, i 161 rec [ 225, 177, 127, 16 ] root type Node256
ins loop post, i 161 rec [ 225, 177, 127, 16 ] root type Node256
ins loop pre, i 162 rec [ 165, 150, 1, 183 ] root type Node256
ins loop post, i 162 rec [ 165, 150, 1, 183 ] root type Node256
ins loop pre, i 163 rec [ 247, 126, 50, 69 ] root type Node256
ins loop post, i 163 rec [ 247, 126, 50, 69 ] root type Node256
ins loop pre, i 164 rec [ 83, 249, 169, 112 ] root type Node256
ins loop post, i 164 rec [ 83, 249, 169, 112 ] root type Node256
ins loop pre, i 165 rec [ 66, 206, 21, 120 ] root type Node256
ins loop post, i 165 rec [ 66, 206, 21, 120 ] root type Node256
ins loop pre, i 166 rec [ 82, 85, 5, 197 ] root type Node256
ins loop post, i 166 rec [ 82, 85, 5, 197 ] root type Node256
ins loop pre, i 167 rec [ 62, 24, 175, 217 ] root type Node256
ins loop post, i 167 rec [ 62, 24, 175, 217 ] root type Node256
ins loop pre, i 168 rec [ 67, 18, 65, 235 ] root type Node256
ins loop post, i 168 rec [ 67, 18, 65, 235 ] root type Node256
ins loop pre, i 169 rec [ 70, 156, 102, 36 ] root type Node256
ins loop post, i 169 rec [ 70, 156, 102, 36 ] root type Node256
ins loop pre, i 170 rec [ 144, 63, 149, 135 ] root type Node256
ins loop post, i 170 rec [ 144, 63, 149, 135 ] root type Node256
ins loop pre, i 171 rec [ 200, 159, 47, 61 ] root type Node256
ins loop post, i 171 rec [ 200, 159, 47, 61 ] root type Node256
ins loop pre, i 172 rec [ 254, 97, 215, 70 ] root type Node256
ins loop post, i 172 rec [ 254, 97, 215, 70 ] root type Node256
ins loop pre, i 173 rec [ 76, 54, 4, 171 ] root type Node256
ins loop post, i 173 rec [ 76, 54, 4, 171 ] root type Node256
ins loop pre, i 174 rec [ 69, 190, 226, 105 ] root type Node256
ins loop post, i 174 rec [ 69, 190, 226, 105 ] root type Node256
ins loop pre, i 175 rec [ 127, 195, 31, 241 ] root type Node256
ins loop post, i 175 rec [ 127, 195, 31, 241 ] root type Node256
ins loop pre, i 176 rec [ 202, 147, 130, 53 ] root type Node256
ins loop post, i 176 rec [ 202, 147, 130, 53 ] root type Node256
ins loop pre, i 177 rec [ 116, 87, 190, 76 ] root type Node256
ins loop post, i 177 rec [ 116, 87, 190, 76 ] root type Node256
ins loop pre, i 178 rec [ 134, 181, 108, 141 ] root type Node256
ins loop post, i 178 rec [ 134, 181, 108, 141 ] root type Node256
ins loop pre, i 179 rec [ 138, 5, 216, 216 ] root type Node256
ins loop post, i 179 rec [ 138, 5, 216, 216 ] root type Node256
ins loop pre, i 180 rec [ 54, 4, 38, 244 ] root type Node256
ins loop post, i 180 rec [ 54, 4, 38, 244 ] root type Node256
ins loop pre, i 181 rec [ 118, 85, 76, 251 ] root type Node256
ins loop post, i 181 rec [ 118, 85, 76, 251 ] root type Node256
ins loop pre, i 182 rec [ 200, 2, 120, 251 ] root type Node256
ins loop post, i 182 rec [ 200, 2, 120, 251 ] root type Node256
ins loop pre, i 183 rec [ 149, 116, 212, 18 ] root type Node256
ins loop post, i 183 rec [ 149, 116, 212, 18 ] root type Node256
ins loop pre, i 184 rec [ 209, 253, 188, 244 ] root type Node256
ins loop post, i 184 rec [ 209, 253, 188, 244 ] root type Node256
ins loop pre, i 185 rec [ 169, 46, 170, 52 ] root type Node256
ins loop post, i 185 rec [ 169, 46, 170, 52 ] root type Node256
ins loop pre, i 186 rec [ 217, 145, 138, 24 ] root type Node256
ins loop post, i 186 rec [ 217, 145, 138, 24 ] root type Node256
ins loop pre, i 187 rec [ 162, 166, 133, 160 ] root type Node256
ins loop post, i 187 rec [ 162, 166, 133, 160 ] root type Node256
ins loop pre, i 188 rec [ 251, 240, 239, 72 ] root type Node256
ins loop post, i 188 rec [ 251, 240, 239, 72 ] root type Node256
ins loop pre, i 189 rec [ 248, 188, 229, 91 ] root type Node256
ins loop post, i 189 rec [ 248, 188, 229, 91 ] root type Node256
ins loop pre, i 190 rec [ 240, 212, 113, 11 ] root type Node256
ins loop post, i 190 rec [ 240, 212, 113, 11 ] root type Node256
ins loop pre, i 191 rec [ 118, 172, 138, 6 ] root type Node256
ins loop post, i 191 rec [ 118, 172, 138, 6 ] root type Node256
ins loop pre, i 192 rec [ 0, 118, 228, 168 ] root type Node256
ins loop post, i 192 rec [ 0, 118, 228, 168 ] root type Node256
ins loop pre, i 193 rec [ 173, 156, 37, 230 ] root type Node256
ins loop post, i 193 rec [ 173, 156, 37, 230 ] root type Node256
ins loop pre, i 194 rec [ 95, 32, 176, 99 ] root type Node256
ins loop post, i 194 rec [ 95, 32, 176, 99 ] root type Node256
ins loop pre, i 195 rec [ 213, 89, 57, 163 ] root type Node256
ins loop post, i 195 rec [ 213, 89, 57, 163 ] root type Node256
ins loop pre, i 196 rec [ 12, 209, 19, 245 ] root type Node256
ins loop post, i 196 rec [ 12, 209, 19, 245 ] root type Node256
ins loop pre, i 197 rec [ 177, 246, 11, 124 ] root type Node256
ins loop post, i 197 rec [ 177, 246, 11, 124 ] root type Node256
ins loop pre, i 198 rec [ 36, 234, 71, 240 ] root type Node256
ins loop post, i 198 rec [ 36, 234, 71, 240 ] root type Node256
ins loop pre, i 199 rec [ 43, 81, 27, 100 ] root type Node256
ins loop post, i 199 rec [ 43, 81, 27, 100 ] root type Node256
ins loop pre, i 200 rec [ 141, 147, 207, 168 ] root type Node256
ins loop post, i 200 rec [ 141, 147, 207, 168 ] root type Node256
ins loop pre, i 201 rec [ 87, 69, 34, 72 ] root type Node256
ins loop post, i 201 rec [ 87, 69, 34, 72 ] root type Node256
ins loop pre, i 202 rec [ 162, 142, 220, 180 ] root type Node256
ins loop post, i 202 rec [ 162, 142, 220, 180 ] root type Node256
ins loop pre, i 203 rec [ 182, 241, 207, 162 ] root type Node256
ins loop post, i 203 rec [ 182, 241, 207, 162 ] root type Node256
ins loop pre, i 204 rec [ 130, 244, 103, 129 ] root type Node256
ins loop post, i 204 rec [ 130, 244, 103, 129 ] root type Node256
ins loop pre, i 205 rec [ 167, 10, 64, 204 ] root type Node256
ins loop post, i 205 rec [ 167, 10, 64, 204 ] root type Node256
ins loop pre, i 206 rec [ 186, 99, 245, 247 ] root type Node256
ins loop post, i 206 rec [ 186, 99, 245, 247 ] root type Node256
ins loop pre, i 207 rec [ 227, 179, 35, 54 ] root type Node256
ins loop post, i 207 rec [ 227, 179, 35, 54 ] root type Node256
ins loop pre, i 208 rec [ 101, 216, 226, 26 ] root type Node256
ins loop post, i 208 rec [ 101, 216, 226, 26 ] root type Node256
ins loop pre, i 209 rec [ 136, 57, 113, 247 ] root type Node256
ins loop post, i 209 rec [ 136, 57, 113, 247 ] root type Node256
ins loop pre, i 210 rec [ 57, 154, 33, 64 ] root type Node256
ins loop post, i 210 rec [ 57, 154, 33, 64 ] root type Node256
ins loop pre, i 211 rec [ 128, 162, 143, 119 ] root type Node256
ins loop post, i 211 rec [ 128, 162, 143, 119 ] root type Node256
ins loop pre, i 212 rec [ 54, 67, 105, 235 ] root type Node256
ins loop post, i 212 rec [ 54, 67, 105, 235 ] root type Node256
ins loop pre, i 213 rec [ 155, 204, 142, 123 ] root type Node256
ins loop post, i 213 rec [ 155, 204, 142, 123 ] root type Node256
ins loop pre, i 214 rec [ 70, 220, 36, 179 ] root type Node256
ins loop post, i 214 rec [ 70, 220, 36, 179 ] root type Node256
ins loop pre, i 215 rec [ 91, 11, 222, 232 ] root type Node256
ins loop post, i 215 rec [ 91, 11, 222, 232 ] root type Node256
ins loop pre, i 216 rec [ 38, 166, 132, 46 ] root type Node256
ins loop post, i 216 rec [ 38, 166, 132, 46 ] root type Node256
ins loop pre, i 217 rec [ 138, 247, 84, 155 ] root type Node256
ins loop post, i 217 rec [ 138, 247, 84, 155 ] root type Node256
ins loop pre, i 218 rec [ 91, 90, 169, 238 ] root type Node256
ins loop post, i 218 rec [ 91, 90, 169, 238 ] root type Node256
ins loop pre, i 219 rec [ 14, 155, 31, 167 ] root type Node256
ins loop post, i 219 rec [ 14, 155, 31, 167 ] root type Node256
ins loop pre, i 220 rec [ 249, 116, 164, 56 ] root type Node256
ins loop post, i 220 rec [ 249, 116, 164, 56 ] root type Node256
ins loop pre, i 221 rec [ 86, 177, 229, 164 ] root type Node256
ins loop post, i 221 rec [ 86, 177, 229, 164 ] root type Node256
ins loop pre, i 222 rec [ 82, 49, 208, 243 ] root type Node256
ins loop post, i 222 rec [ 82, 49, 208, 243 ] root type Node256
ins loop pre, i 223 rec [ 55, 194, 55, 152 ] root type Node256
ins loop post, i 223 rec [ 55, 194, 55, 152 ] root type Node256
ins loop pre, i 224 rec [ 19, 66, 49, 52 ] root type Node256
ins loop post, i 224 rec [ 19, 66, 49, 52 ] root type Node256
ins loop pre, i 225 rec [ 143, 250, 210, 74 ] root type Node256
ins loop post, i 225 rec [ 143, 250, 210, 74 ] root type Node256
ins loop pre, i 226 rec [ 180, 67, 48, 198 ] root type Node256
ins loop post, i 226 rec [ 180, 67, 48, 198 ] root type Node256
ins loop pre, i 227 rec [ 155, 112, 179, 212 ] root type Node256
ins loop post, i 227 rec [ 155, 112, 179, 212 ] root type Node256
ins loop pre, i 228 rec [ 11, 148, 115, 91 ] root type Node256
ins loop post, i 228 rec [ 11, 148, 115, 91 ] root type Node256
ins loop pre, i 229 rec [ 232, 220, 41, 22 ] root type Node256
ins loop post, i 229 rec [ 232, 220, 41, 22 ] root type Node256
ins loop pre, i 230 rec [ 177, 101, 102, 250 ] root type Node256
ins loop post, i 230 rec [ 177, 101, 102, 250 ] root type Node256
ins loop pre, i 231 rec [ 158, 127, 111, 112 ] root type Node256
ins loop post, i 231 rec [ 158, 127, 111, 112 ] root type Node256
ins loop pre, i 232 rec [ 130, 91, 225, 179 ] root type Node256
ins loop post, i 232 rec [ 130, 91, 225, 179 ] root type Node256
ins loop pre, i 233 rec [ 88, 54, 145, 247 ] root type Node256
ins loop post, i 233 rec [ 88, 54, 145, 247 ] root type Node256
ins loop pre, i 234 rec [ 175, 26, 201, 63 ] root type Node256
ins loop post, i 234 rec [ 175, 26, 201, 63 ] root type Node256
ins loop pre, i 235 rec [ 172, 218, 155, 238 ] root type Node256
ins loop post, i 235 rec [ 172, 218, 155, 238 ] root type Node256
ins loop pre, i 236 rec [ 193, 83, 174, 46 ] root type Node256
ins loop post, i 236 rec [ 193, 83, 174, 46 ] root type Node256
ins loop pre, i 237 rec [ 21, 222, 20, 108 ] root type Node256
ins loop post, i 237 rec [ 21, 222, 20, 108 ] root type Node256
ins loop pre, i 238 rec [ 183, 229, 243, 252 ] root type Node256
ins loop post, i 238 rec [ 183, 229, 243, 252 ] root type Node256
ins loop pre, i 239 rec [ 109, 199, 85, 56 ] root type Node256
ins loop post, i 239 rec [ 109, 199, 85, 56 ] root type Node256
ins loop pre, i 240 rec [ 84, 138, 199, 190 ] root type Node256
ins loop post, i 240 rec [ 84, 138, 199, 190 ] root type Node256
ins loop pre, i 241 rec [ 167, 42, 178, 38 ] root type Node256
ins loop post, i 241 rec [ 167, 42, 178, 38 ] root type Node256
ins loop pre, i 242 rec [ 19, 29, 50, 200 ] root type Node256
ins loop post, i 242 rec [ 19, 29, 50, 200 ] root type Node256
ins loop pre, i 243 rec [ 127, 58, 134, 173 ] root type Node256
ins loop post, i 243 rec [ 127, 58, 134, 173 ] root type Node256
ins loop pre, i 244 rec [ 251, 32, 99, 43 ] root type Node256
ins loop post, i 244 rec [ 251, 32, 99, 43 ] root type Node256
ins loop pre, i 245 rec [ 178, 90, 90, 75 ] root type Node256
ins loop post, i 245 rec [ 178, 90, 90, 75 ] root type Node256
ins loop pre, i 246 rec [ 244, 168, 70, 244 ] root type Node256
ins loop post, i 246 rec [ 244, 168, 70, 244 ] root type Node256
ins loop pre, i 247 rec [ 201, 33, 29, 251 ] root type Node256
ins loop post, i 247 rec [ 201, 33, 29, 251 ] root type Node256
ins loop pre, i 248 rec [ 80, 191, 47, 64 ] root type Node256
ins loop post, i 248 rec [ 80, 191, 47, 64 ] root type Node256
ins loop pre, i 249 rec [ 64, 58, 249, 65 ] root type Node256
ins loop post, i 249 rec [ 64, 58, 249, 65 ] root type Node256
ins loop pre, i 250 rec [ 161, 199, 101, 214 ] root type Node256
ins loop post, i 250 rec [ 161, 199, 101, 214 ] root type Node256
ins loop pre, i 251 rec [ 241, 74, 241, 117 ] root type Node256
ins loop post, i 251 rec [ 241, 74, 241, 117 ] root type Node256
ins loop pre, i 252 rec [ 114, 63, 9, 192 ] root type Node256
ins loop post, i 252 rec [ 114, 63, 9, 192 ] root type Node256
ins loop pre, i 253 rec [ 179, 58, 67, 84 ] root type Node256
ins loop post, i 253 rec [ 179, 58, 67, 84 ] root type Node256
ins loop pre, i 254 rec [ 138, 124, 57, 222 ] root type Node256
ins loop post, i 254 rec [ 138, 124, 57, 222 ] root type Node256
ins loop pre, i 255 rec [ 205, 44, 207, 27 ] root type Node256
ins loop post, i 255 rec [ 205, 44, 207, 27 ] root type Node256
ins loop pre, i 256 rec [ 38, 1, 184, 15 ] root type Node256
ins loop post, i 256 rec [ 38, 1, 184, 15 ] root type Node256
ins loop pre, i 257 rec [ 29, 255, 212, 62 ] root type Node256
ins loop post, i 257 rec [ 29, 255, 212, 62 ] root type Node256
ins loop pre, i 258 rec [ 65, 35, 90, 234 ] root type Node256
ins loop post, i 258 rec [ 65, 35, 90, 234 ] root type Node256
ins loop pre, i 259 rec [ 216, 204, 187, 38 ] root type Node256
ins loop post, i 259 rec [ 216, 204, 187, 38 ] root type Node256
ins loop pre, i 260 rec [ 104, 43, 178, 32 ] root type Node256
ins loop post, i 260 rec [ 104, 43, 178, 32 ] root type Node256
ins loop pre, i 261 rec [ 231, 75, 234, 134 ] root type Node256
ins loop post, i 261 rec [ 231, 75, 234, 134 ] root type Node256
ins loop pre, i 262 rec [ 232, 140, 171, 1 ] root type Node256
ins loop post, i 262 rec [ 232, 140, 171, 1 ] root type Node256
ins loop pre, i 263 rec [ 98, 195, 85, 38 ] root type Node256
ins loop post, i 263 rec [ 98, 195, 85, 38 ] root type Node256
ins loop pre, i 264 rec [ 58, 248, 30, 223 ] root type Node256
ins loop post, i 264 rec [ 58, 248, 30, 223 ] root type Node256
ins loop pre, i 265 rec [ 117, 144, 85, 179 ] root type Node256
ins loop post, i 265 rec [ 117, 144, 85, 179 ] root type Node256
ins loop pre, i 266 rec [ 62, 78, 218, 9 ] root type Node256
ins loop post, i 266 rec [ 62, 78, 218, 9 ] root type Node256
ins loop pre, i 267 rec [ 4, 249, 47, 195 ] root type Node256
ins loop post, i 267 rec [ 4, 249, 47, 195 ] root type Node256
ins loop pre, i 268 rec [ 150, 153, 185, 29 ] root type Node256
ins loop post, i 268 rec [ 150, 153, 185, 29 ] root type Node256
ins loop pre, i 269 rec [ 150, 166, 59, 214 ] root type Node256
ins loop post, i 269 rec [ 150, 166, 59, 214 ] root type Node256
ins loop pre, i 270 rec [ 240, 111, 136, 230 ] root type Node256
ins loop post, i 270 rec [ 240, 111, 136, 230 ] root type Node256
ins loop pre, i 271 rec [ 231, 103, 159, 208 ] root type Node256
ins loop post, i 271 rec [ 231, 103, 159, 208 ] root type Node256
ins loop pre, i 272 rec [ 217, 160, 112, 185 ] root type Node256
ins loop post, i 272 rec [ 217, 160, 112, 185 ] root type Node256
ins loop pre, i 273 rec [ 184, 23, 223, 195 ] root type Node256
ins loop post, i 273 rec [ 184, 23, 223, 195 ] root type Node256
ins loop pre, i 274 rec [ 187, 162, 114, 231 ] root type Node256
ins loop post, i 274 rec [ 187, 162, 114, 231 ] root type Node256
ins loop pre, i 275 rec [ 111, 113, 230, 21 ] root type Node256
ins loop post, i 275 rec [ 111, 113, 230, 21 ] root type Node256
ins loop pre, i 276 rec [ 13, 84, 96, 145 ] root type Node256
ins loop post, i 276 rec [ 13, 84, 96, 145 ] root type Node256
ins loop pre, i 277 rec [ 27, 63, 195, 200 ] root type Node256
ins loop post, i 277 rec [ 27, 63, 195, 200 ] root type Node256
ins loop pre, i 278 rec [ 164, 106, 118, 67 ] root type Node256
ins loop post, i 278 rec [ 164, 106, 118, 67 ] root type Node256
ins loop pre, i 279 rec [ 197, 37, 200, 9 ] root type Node256
ins loop post, i 279 rec [ 197, 37, 200, 9 ] root type Node256
ins loop pre, i 280 rec [ 18, 62, 200, 17 ] root type Node256
ins loop post, i 280 rec [ 18, 62, 200, 17 ] root type Node256
ins loop pre, i 281 rec [ 134, 49, 16, 119 ] root type Node256
ins loop post, i 281 rec [ 134, 49, 16, 119 ] root type Node256
ins loop pre, i 282 rec [ 94, 175, 173, 83 ] root type Node256
ins loop post, i 282 rec [ 94, 175, 173, 83 ] root type Node256
ins loop pre, i 283 rec [ 179, 138, 110, 219 ] root type Node256
ins loop post, i 283 rec [ 179, 138, 110, 219 ] root type Node256
ins loop pre, i 284 rec [ 202, 92, 255, 34 ] root type Node256
ins loop post, i 284 rec [ 202, 92, 255, 34 ] root type Node256
ins loop pre, i 285 rec [ 190, 193, 175, 197 ] root type Node256
ins loop post, i 285 rec [ 190, 193, 175, 197 ] root type Node256
ins loop pre, i 286 rec [ 184, 171, 23, 40 ] root type Node256
ins loop post, i 286 rec [ 184, 171, 23, 40 ] root type Node256
ins loop pre, i 287 rec [ 122, 107, 50, 120 ] root type Node256
ins loop post, i 287 rec [ 122, 107, 50, 120 ] root type Node256
ins loop pre, i 288 rec [ 37, 116, 98, 106 ] root type Node256
ins loop post, i 288 rec [ 37, 116, 98, 106 ] root type Node256
ins loop pre, i 289 rec [ 10, 142, 161, 77 ] root type Node256
ins loop post, i 289 rec [ 10, 142, 161, 77 ] root type Node256
ins loop pre, i 290 rec [ 99, 190, 226, 205 ] root type Node256
ins loop post, i 290 rec [ 99, 190, 226, 205 ] root type Node256
ins loop pre, i 291 rec [ 20, 69, 119, 165 ] root type Node256
ins loop post, i 291 rec [ 20, 69, 119, 165 ] root type Node256
ins loop pre, i 292 rec [ 238, 90, 111, 124 ] root type Node256
ins loop post, i 292 rec [ 238, 90, 111, 124 ] root type Node256
ins loop pre, i 293 rec [ 152, 31, 44, 4 ] root type Node256
ins loop post, i 293 rec [ 152, 31, 44, 4 ] root type Node256
ins loop pre, i 294 rec [ 235, 117, 99, 24 ] root type Node256
ins loop post, i 294 rec [ 235, 117, 99, 24 ] root type Node256
ins loop pre, i 295 rec [ 122, 49, 248, 230 ] root type Node256
ins loop post, i 295 rec [ 122, 49, 248, 230 ] root type Node256
ins loop pre, i 296 rec [ 222, 65, 232, 79 ] root type Node256
ins loop post, i 296 rec [ 222, 65, 232, 79 ] root type Node256
ins loop pre, i 297 rec [ 53, 167, 49, 203 ] root type Node256
ins loop post, i 297 rec [ 53, 167, 49, 203 ] root type Node256
ins loop pre, i 298 rec [ 106, 20, 71, 127 ] root type Node256
ins loop post, i 298 rec [ 106, 20, 71, 127 ] root type Node256
ins loop pre, i 299 rec [ 157, 239, 179, 223 ] root type Node256
ins loop post, i 299 rec [ 157, 239, 179, 223 ] root type Node256
ins loop pre, i 300 rec [ 121, 253, 78, 183 ] root type Node256
ins loop post, i 300 rec [ 121, 253, 78, 183 ] root type Node256
ins loop pre, i 301 rec [ 27, 156, 180, 211 ] root type Node256
ins loop post, i 301 rec [ 27, 156, 180, 211 ] root type Node256
ins loop pre, i 302 rec [ 153, 101, 110, 147 ] root type Node256
ins loop post, i 302 rec [ 153, 101, 110, 147 ] root type Node256
ins loop pre, i 303 rec [ 138, 199, 149, 61 ] root type Node256
ins loop post, i 303 rec [ 138, 199, 149, 61 ] root type Node256
ins loop pre, i 304 rec [ 40, 123, 38, 139 ] root type Node256
ins loop post, i 304 rec [ 40, 123, 38, 139 ] root type Node256
ins loop pre, i 305 rec [ 155, 146, 206, 40 ] root type Node256
ins loop post, i 305 rec [ 155, 146, 206, 40 ] root type Node256
ins loop pre, i 306 rec [ 158, 2, 195, 71 ] root type Node256
ins loop post, i 306 rec [ 158, 2, 195, 71 ] root type Node256
ins loop pre, i 307 rec [ 138, 139, 155, 59 ] root type Node256
ins loop post, i 307 rec [ 138, 139, 155, 59 ] root type Node256
ins loop pre, i 308 rec [ 215, 65, 27, 211 ] root type Node256
ins loop post, i 308 rec [ 215, 65, 27, 211 ] root type Node256
ins loop pre, i 309 rec [ 121, 118, 185, 4 ] root type Node256
ins loop post, i 309 rec [ 121, 118, 185, 4 ] root type Node256
ins loop pre, i 310 rec [ 88, 81, 61, 22 ] root type Node256
ins loop post, i 310 rec [ 88, 81, 61, 22 ] root type Node256
ins loop pre, i 311 rec [ 114, 38, 58, 232 ] root type Node256
ins loop post, i 311 rec [ 114, 38, 58, 232 ] root type Node256
ins loop pre, i 312 rec [ 13, 73, 248, 79 ] root type Node256
ins loop post, i 312 rec [ 13, 73, 248, 79 ] root type Node256
ins loop pre, i 313 rec [ 90, 50, 222, 1 ] root type Node256
ins loop post, i 313 rec [ 90, 50, 222, 1 ] root type Node256
ins loop pre, i 314 rec [ 151, 236, 23, 79 ] root type Node256
ins loop post, i 314 rec [ 151, 236, 23, 79 ] root type Node256
ins loop pre, i 315 rec [ 84, 184, 138, 76 ] root type Node256
ins loop post, i 315 rec [ 84, 184, 138, 76 ] root type Node256
ins loop pre, i 316 rec [ 191, 89, 225, 53 ] root type Node256
ins loop post, i 316 rec [ 191, 89, 225, 53 ] root type Node256
ins loop pre, i 317 rec [ 111, 91, 166, 253 ] root type Node256
ins loop post, i 317 rec [ 111, 91, 166, 253 ] root type Node256
ins loop pre, i 318 rec [ 36, 171, 169, 224 ] root type Node256
ins loop post, i 318 rec [ 36, 171, 169, 224 ] root type Node256
ins loop pre, i 319 rec [ 58, 109, 250, 151 ] root type Node256
ins loop post, i 319 rec [ 58, 109, 250, 151 ] root type Node256
ins loop pre, i 320 rec [ 42, 124, 58, 242 ] root type Node256
ins loop post, i 320 rec [ 42, 124, 58, 242 ] root type Node256
ins loop pre, i 321 rec [ 201, 132, 172, 17 ] root type Node256
ins loop post, i 321 rec [ 201, 132, 172, 17 ] root type Node256
ins loop pre, i 322 rec [ 181, 72, 172, 151 ] root type Node256
ins loop post, i 322 rec [ 181, 72, 172, 151 ] root type Node256
ins loop pre, i 323 rec [ 85, 232, 52, 90 ] root type Node256
ins loop post, i 323 rec [ 85, 232, 52, 90 ] root type Node256
ins loop pre, i 324 rec [ 198, 49, 36, 171 ] root type Node256
ins loop post, i 324 rec [ 198, 49, 36, 171 ] root type Node256
ins loop pre, i 325 rec [ 253, 104, 73, 34 ] root type Node256
ins loop post, i 325 rec [ 253, 104, 73, 34 ] root type Node256
ins loop pre, i 326 rec [ 77, 246, 202, 194 ] root type Node256
ins loop post, i 326 rec [ 77, 246, 202, 194 ] root type Node256
ins loop pre, i 327 rec [ 167, 196, 163, 208 ] root type Node256
ins loop post, i 327 rec [ 167, 196, 163, 208 ] root type Node256
ins loop pre, i 328 rec [ 189, 81, 191, 86 ] root type Node256
ins loop post, i 328 rec [ 189, 81, 191, 86 ] root type Node256
ins loop pre, i 329 rec [ 55, 88, 156, 77 ] root type Node256
ins loop post, i 329 rec [ 55, 88, 156, 77 ] root type Node256
ins loop pre, i 330 rec [ 145, 87, 62, 172 ] root type Node256
ins loop post, i 330 rec [ 145, 87, 62, 172 ] root type Node256
ins loop pre, i 331 rec [ 177, 87, 63, 116 ] root type Node256
ins loop post, i 331 rec [ 177, 87, 63, 116 ] root type Node256
ins loop pre, i 332 rec [ 18, 2, 149, 132 ] root type Node256
ins loop post, i 332 rec [ 18, 2, 149, 132 ] root type Node256
ins loop pre, i 333 rec [ 244, 24, 61, 85 ] root type Node256
ins loop post, i 333 rec [ 244, 24, 61, 85 ] root type Node256
ins loop pre, i 334 rec [ 223, 148, 101, 210 ] root type Node256
ins loop post, i 334 rec [ 223, 148, 101, 210 ] root type Node256
ins loop pre, i 335 rec [ 197, 94, 80, 70 ] root type Node256
ins loop post, i 335 rec [ 197, 94, 80, 70 ] root type Node256
ins loop pre, i 336 rec [ 185, 34, 50, 51 ] root type Node256
ins loop post, i 336 rec [ 185, 34, 50, 51 ] root type Node256
ins loop pre, i 337 rec [ 3, 247, 144, 105 ] root type Node256
ins loop post, i 337 rec [ 3, 247, 144, 105 ] root type Node256
ins loop pre, i 338 rec [ 11, 171, 148, 11 ] root type Node256
ins loop post, i 338 rec [ 11, 171, 148, 11 ] root type Node256
ins loop pre, i 339 rec [ 237, 149, 87, 27 ] root type Node256
ins loop post, i 339 rec [ 237, 149, 87, 27 ] root type Node256
ins loop pre, i 340 rec [ 81, 124, 231, 126 ] root type Node256
ins loop post, i 340 rec [ 81, 124, 231, 126 ] root type Node256
ins loop pre, i 341 rec [ 70, 153, 105, 246 ] root type Node256
ins loop post, i 341 rec [ 70, 153, 105, 246 ] root type Node256
ins loop pre, i 342 rec [ 129, 13, 169, 111 ] root type Node256
ins loop post, i 342 rec [ 129, 13, 169, 111 ] root type Node256
ins loop pre, i 343 rec [ 8, 221, 80, 6 ] root type Node256
ins loop post, i 343 rec [ 8, 221, 80, 6 ] root type Node256
ins loop pre, i 344 rec [ 228, 73, 64, 66 ] root type Node256
ins loop post, i 344 rec [ 228, 73, 64, 66 ] root type Node256
ins loop pre, i 345 rec [ 112, 161, 208, 160 ] root type Node256
ins loop post, i 345 rec [ 112, 161, 208, 160 ] root type Node256
ins loop pre, i 346 rec [ 170, 121, 148, 116 ] root type Node256
ins loop post, i 346 rec [ 170, 121, 148, 116 ] root type Node256
ins loop pre, i 347 rec [ 163, 174, 162, 95 ] root type Node256
ins loop post, i 347 rec [ 163, 174, 162, 95 ] root type Node256
ins loop pre, i 348 rec [ 227, 130, 64, 253 ] root type Node256
ins loop post, i 348 rec [ 227, 130, 64, 253 ] root type Node256
ins loop pre, i 349 rec [ 192, 155, 136, 111 ] root type Node256
ins loop post, i 349 rec [ 192, 155, 136, 111 ] root type Node256
ins loop pre, i 350 rec [ 32, 99, 177, 69 ] root type Node256
ins loop post, i 350 rec [ 32, 99, 177, 69 ] root type Node256
ins loop pre, i 351 rec [ 3, 26, 104, 68 ] root type Node256
ins loop post, i 351 rec [ 3, 26, 104, 68 ] root type Node256
ins loop pre, i 352 rec [ 168, 144, 11, 68 ] root type Node256
ins loop post, i 352 rec [ 168, 144, 11, 68 ] root type Node256
ins loop pre, i 353 rec [ 44, 37, 108, 246 ] root type Node256
ins loop post, i 353 rec [ 44, 37, 108, 246 ] root type Node256
ins loop pre, i 354 rec [ 80, 126, 113, 127 ] root type Node256
ins loop post, i 354 rec [ 80, 126, 113, 127 ] root type Node256
ins loop pre, i 355 rec [ 114, 86, 84, 191 ] root type Node256
ins loop post, i 355 rec [ 114, 86, 84, 191 ] root type Node256
ins loop pre, i 356 rec [ 121, 20, 65, 93 ] root type Node256
ins loop post, i 356 rec [ 121, 20, 65, 93 ] root type Node256
ins loop pre, i 357 rec [ 117, 55, 114, 156 ] root type Node256
ins loop post, i 357 rec [ 117, 55, 114, 156 ] root type Node256
ins loop pre, i 358 rec [ 196, 131, 156, 61 ] root type Node256
ins loop post, i 358 rec [ 196, 131, 156, 61 ] root type Node256
ins loop pre, i 359 rec [ 49, 127, 194, 46 ] root type Node256
ins loop post, i 359 rec [ 49, 127, 194, 46 ] root type Node256
ins loop pre, i 360 rec [ 152, 86, 178, 238 ] root type Node256
ins loop post, i 360 rec [ 152, 86, 178, 238 ] root type Node256
ins loop pre, i 361 rec [ 233, 143, 101, 201 ] root type Node256
ins loop post, i 361 rec [ 233, 143, 101, 201 ] root type Node256
ins loop pre, i 362 rec [ 61, 171, 194, 194 ] root type Node256
ins loop post, i 362 rec [ 61, 171, 194, 194 ] root type Node256
ins loop pre, i 363 rec [ 226, 230, 236, 223 ] root type Node256
ins loop post, i 363 rec [ 226, 230, 236, 223 ] root type Node256
ins loop pre, i 364 rec [ 59, 176, 18, 11 ] root type Node256
ins loop post, i 364 rec [ 59, 176, 18, 11 ] root type Node256
ins loop pre, i 365 rec [ 36, 19, 77, 15 ] root type Node256
ins loop post, i 365 rec [ 36, 19, 77, 15 ] root type Node256
ins loop pre, i 366 rec [ 163, 226, 70, 54 ] root type Node256
ins loop post, i 366 rec [ 163, 226, 70, 54 ] root type Node256
ins loop pre, i 367 rec [ 42, 4, 95, 132 ] root type Node256
ins loop post, i 367 rec [ 42, 4, 95, 132 ] root type Node256
ins loop pre, i 368 rec [ 32, 21, 66, 215 ] root type Node256
ins loop post, i 368 rec [ 32, 21, 66, 215 ] root type Node256
ins loop pre, i 369 rec [ 212, 254, 13, 158 ] root type Node256
ins loop post, i 369 rec [ 212, 254, 13, 158 ] root type Node256
ins loop pre, i 370 rec [ 34, 120, 136, 160 ] root type Node256
ins loop post, i 370 rec [ 34, 120, 136, 160 ] root type Node256
ins loop pre, i 371 rec [ 243, 209, 235, 191 ] root type Node256
ins loop post, i 371 rec [ 243, 209, 235, 191 ] root type Node256
ins loop pre, i 372 rec [ 212, 209, 229, 18 ] root type Node256
ins loop post, i 372 rec [ 212, 209, 229, 18 ] root type Node256
ins loop pre, i 373 rec [ 95, 52, 8, 9 ] root type Node256
ins loop post, i 373 rec [ 95, 52, 8, 9 ] root type Node256
ins loop pre, i 374 rec [ 188, 215, 222, 227 ] root type Node256
ins loop post, i 374 rec [ 188, 215, 222, 227 ] root type Node256
ins loop pre, i 375 rec [ 176, 185, 132, 7 ] root type Node256
ins loop post, i 375 rec [ 176, 185, 132, 7 ] root type Node256
ins loop pre, i 376 rec [ 204, 160, 125, 122 ] root type Node256
ins loop post, i 376 rec [ 204, 160, 125, 122 ] root type Node256
ins loop pre, i 377 rec [ 199, 255, 147, 83 ] root type Node256
ins loop post, i 377 rec [ 199, 255, 147, 83 ] root type Node256
ins loop pre, i 378 rec [ 92, 222, 139, 241 ] root type Node256
ins loop post, i 378 rec [ 92, 222, 139, 241 ] root type Node256
ins loop pre, i 379 rec [ 125, 207, 221, 65 ] root type Node256
ins loop post, i 379 rec [ 125, 207, 221, 65 ] root type Node256
ins loop pre, i 380 rec [ 11, 191, 141, 159 ] root type Node256
ins loop post, i 380 rec [ 11, 191, 141, 159 ] root type Node256
ins loop pre, i 381 rec [ 94, 122, 128, 53 ] root type Node256
ins loop post, i 381 rec [ 94, 122, 128, 53 ] root type Node256
ins loop pre, i 382 rec [ 199, 12, 17, 18 ] root type Node256
ins loop post, i 382 rec [ 199, 12, 17, 18 ] root type Node256
ins loop pre, i 383 rec [ 47, 131, 211, 76 ] root type Node256
ins loop post, i 383 rec [ 47, 131, 211, 76 ] root type Node256
ins loop pre, i 384 rec [ 12, 229, 200, 122 ] root type Node256
ins loop post, i 384 rec [ 12, 229, 200, 122 ] root type Node256
ins loop pre, i 385 rec [ 41, 84, 118, 181 ] root type Node256
ins loop post, i 385 rec [ 41, 84, 118, 181 ] root type Node256
ins loop pre, i 386 rec [ 149, 108, 201, 140 ] root type Node256
ins loop post, i 386 rec [ 149, 108, 201, 140 ] root type Node256
ins loop pre, i 387 rec [ 41, 127, 112, 177 ] root type Node256
ins loop post, i 387 rec [ 41, 127, 112, 177 ] root type Node256
ins loop pre, i 388 rec [ 26, 17, 47, 48 ] root type Node256
ins loop post, i 388 rec [ 26, 17, 47, 48 ] root type Node256
ins loop pre, i 389 rec [ 39, 139, 120, 216 ] root type Node256
ins loop post, i 389 rec [ 39, 139, 120, 216 ] root type Node256
ins loop pre, i 390 rec [ 157, 188, 49, 99 ] root type Node256
ins loop post, i 390 rec [ 157, 188, 49, 99 ] root type Node256
ins loop pre, i 391 rec [ 151, 235, 44, 238 ] root type Node256
ins loop post, i 391 rec [ 151, 235, 44, 238 ] root type Node256
ins loop pre, i 392 rec [ 97, 55, 211, 150 ] root type Node256
ins loop post, i 392 rec [ 97, 55, 211, 150 ] root type Node256
ins loop pre, i 393 rec [ 37, 97, 193, 113 ] root type Node256
ins loop post, i 393 rec [ 37, 97, 193, 113 ] root type Node256
ins loop pre, i 394 rec [ 233, 192, 162, 176 ] root type Node256
ins loop post, i 394 rec [ 233, 192, 162, 176 ] root type Node256
ins loop pre, i 395 rec [ 83, 127, 133, 80 ] root type Node256
ins loop post, i 395 rec [ 83, 127, 133, 80 ] root type Node256
ins loop pre, i 396 rec [ 178, 123, 153, 193 ] root type Node256
ins loop post, i 396 rec [ 178, 123, 153, 193 ] root type Node256
ins loop pre, i 397 rec [ 60, 215, 102, 244 ] root type Node256
ins loop post, i 397 rec [ 60, 215, 102, 244 ] root type Node256
ins loop pre, i 398 rec [ 246, 228, 111, 29 ] root type Node256
ins loop post, i 398 rec [ 246, 228, 111, 29 ] root type Node256
ins loop pre, i 399 rec [ 1, 130, 167, 133 ] root type Node256
ins loop post, i 399 rec [ 1, 130, 167, 133 ] root type Node256
ins loop pre, i 400 rec [ 214, 60, 247, 180 ] root type Node256
ins loop post, i 400 rec [ 214, 60, 247, 180 ] root type Node256
ins loop pre, i 401 rec [ 75, 112, 55, 29 ] root type Node256
ins loop post, i 401 rec [ 75, 112, 55, 29 ] root type Node256
ins loop pre, i 402 rec [ 182, 196, 7, 162 ] root type Node256
ins loop post, i 402 rec [ 182, 196, 7, 162 ] root type Node256
ins loop pre, i 403 rec [ 68, 252, 138, 10 ] root type Node256
ins loop post, i 403 rec [ 68, 252, 138, 10 ] root type Node256
ins loop pre, i 404 rec [ 202, 130, 188, 0 ] root type Node256
ins loop post, i 404 rec [ 202, 130, 188, 0 ] root type Node256
ins loop pre, i 405 rec [ 231, 40, 156, 167 ] root type Node256
ins loop post, i 405 rec [ 231, 40, 156, 167 ] root type Node256
ins loop pre, i 406 rec [ 104, 166, 42, 119 ] root type Node256
ins loop post, i 406 rec [ 104, 166, 42, 119 ] root type Node256
ins loop pre, i 407 rec [ 165, 230, 133, 164 ] root type Node256
ins loop post, i 407 rec [ 165, 230, 133, 164 ] root type Node256
ins loop pre, i 408 rec [ 142, 182, 46, 42 ] root type Node256
ins loop post, i 408 rec [ 142, 182, 46, 42 ] root type Node256
ins loop pre, i 409 rec [ 237, 130, 159, 160 ] root type Node256
ins loop post, i 409 rec [ 237, 130, 159, 160 ] root type Node256
ins loop pre, i 410 rec [ 57, 190, 4, 131 ] root type Node256
ins loop post, i 410 rec [ 57, 190, 4, 131 ] root type Node256
ins loop pre, i 411 rec [ 239, 76, 82, 13 ] root type Node256
ins loop post, i 411 rec [ 239, 76, 82, 13 ] root type Node256
ins loop pre, i 412 rec [ 89, 184, 134, 177 ] root type Node256
ins loop post, i 412 rec [ 89, 184, 134, 177 ] root type Node256
ins loop pre, i 413 rec [ 141, 155, 166, 36 ] root type Node256
ins loop post, i 413 rec [ 141, 155, 166, 36 ] root type Node256
ins loop pre, i 414 rec [ 77, 154, 179, 166 ] root type Node256
ins loop post, i 414 rec [ 77, 154, 179, 166 ] root type Node256
ins loop pre, i 415 rec [ 179, 8, 21, 33 ] root type Node256
ins loop post, i 415 rec [ 179, 8, 21, 33 ] root type Node256
ins loop pre, i 416 rec [ 126, 150, 220, 162 ] root type Node256
ins loop post, i 416 rec [ 126, 150, 220, 162 ] root type Node256
ins loop pre, i 417 rec [ 2, 46, 23, 2 ] root type Node256
ins loop post, i 417 rec [ 2, 46, 23, 2 ] root type Node256
ins loop pre, i 418 rec [ 216, 97, 30, 135 ] root type Node256
ins loop post, i 418 rec [ 216, 97, 30, 135 ] root type Node256
ins loop pre, i 419 rec [ 149, 210, 188, 16 ] root type Node256
ins loop post, i 419 rec [ 149, 210, 188, 16 ] root type Node256
ins loop pre, i 420 rec [ 39, 41, 108, 62 ] root type Node256
ins loop post, i 420 rec [ 39, 41, 108, 62 ] root type Node256
ins loop pre, i 421 rec [ 66, 234, 66, 193 ] root type Node256
ins loop post, i 421 rec [ 66, 234, 66, 193 ] root type Node256
ins loop pre, i 422 rec [ 97, 109, 85, 245 ] root type Node256
ins loop post, i 422 rec [ 97, 109, 85, 245 ] root type Node256
ins loop pre, i 423 rec [ 214, 219, 140, 135 ] root type Node256
ins loop post, i 423 rec [ 214, 219, 140, 135 ] root type Node256
ins loop pre, i 424 rec [ 106, 163, 87, 128 ] root type Node256
ins loop post, i 424 rec [ 106, 163, 87, 128 ] root type Node256
ins loop pre, i 425 rec [ 91, 24, 67, 177 ] root type Node256
ins loop post, i 425 rec [ 91, 24, 67, 177 ] root type Node256
ins loop pre, i 426 rec [ 209, 77, 110, 182 ] root type Node256
ins loop post, i 426 rec [ 209, 77, 110, 182 ] root type Node256
ins loop pre, i 427 rec [ 74, 1, 166, 138 ] root type Node256
ins loop post, i 427 rec [ 74, 1, 166, 138 ] root type Node256
ins loop pre, i 428 rec [ 177, 90, 182, 165 ] root type Node256
ins loop post, i 428 rec [ 177, 90, 182, 165 ] root type Node256
ins loop pre, i 429 rec [ 171, 234, 175, 197 ] root type Node256
ins loop post, i 429 rec [ 171, 234, 175, 197 ] root type Node256
ins loop pre, i 430 rec [ 248, 117, 83, 107 ] root type Node256
ins loop post, i 430 rec [ 248, 117, 83, 107 ] root type Node256
ins loop pre, i 431 rec [ 29, 137, 27, 250 ] root type Node256
ins loop post, i 431 rec [ 29, 137, 27, 250 ] root type Node256
ins loop pre, i 432 rec [ 216, 13, 57, 147 ] root type Node256
ins loop post, i 432 rec [ 216, 13, 57, 147 ] root type Node256
ins loop pre, i 433 rec [ 128, 235, 230, 89 ] root type Node256
ins loop post, i 433 rec [ 128, 235, 230, 89 ] root type Node256
ins loop pre, i 434 rec [ 168, 30, 145, 203 ] root type Node256
ins loop post, i 434 rec [ 168, 30, 145, 203 ] root type Node256
ins loop pre, i 435 rec [ 32, 13, 242, 234 ] root type Node256
ins loop post, i 435 rec [ 32, 13, 242, 234 ] root type Node256
ins loop pre, i 436 rec [ 7, 16, 117, 10 ] root type Node256
ins loop post, i 436 rec [ 7, 16, 117, 10 ] root type Node256
ins loop pre, i 437 rec [ 238, 19, 129, 213 ] root type Node256
ins loop post, i 437 rec [ 238, 19, 129, 213 ] root type Node256
ins loop pre, i 438 rec [ 124, 114, 198, 7 ] root type Node256
ins loop post, i 438 rec [ 124, 114, 198, 7 ] root type Node256
ins loop pre, i 439 rec [ 97, 177, 137, 230 ] root type Node256
ins loop post, i 439 rec [ 97, 177, 137, 230 ] root type Node256
ins loop pre, i 440 rec [ 142, 3, 174, 55 ] root type Node256
ins loop post, i 440 rec [ 142, 3, 174, 55 ] root type Node256
ins loop pre, i 441 rec [ 226, 252, 29, 115 ] root type Node256
ins loop post, i 441 rec [ 226, 252, 29, 115 ] root type Node256
ins loop pre, i 442 rec [ 236, 41, 190, 38 ] root type Node256
ins loop post, i 442 rec [ 236, 41, 190, 38 ] root type Node256
ins loop pre, i 443 rec [ 46, 241, 54, 55 ] root type Node256
ins loop post, i 443 rec [ 46, 241, 54, 55 ] root type Node256
ins loop pre, i 444 rec [ 16, 105, 236, 45 ] root type Node256
ins loop post, i 444 rec [ 16, 105, 236, 45 ] root type Node256
ins loop pre, i 445 rec [ 135, 227, 214, 193 ] root type Node256
ins loop post, i 445 rec [ 135, 227, 214, 193 ] root type Node256
ins loop pre, i 446 rec [ 123, 130, 107, 197 ] root type Node256
ins loop post, i 446 rec [ 123, 130, 107, 197 ] root type Node256
ins loop pre, i 447 rec [ 94, 6, 166, 42 ] root type Node256
ins loop post, i 447 rec [ 94, 6, 166, 42 ] root type Node256
ins loop pre, i 448 rec [ 242, 16, 30, 214 ] root type Node256
ins loop post, i 448 rec [ 242, 16, 30, 214 ] root type Node256
ins loop pre, i 449 rec [ 189, 221, 198, 143 ] root type Node256
ins loop post, i 449 rec [ 189, 221, 198, 143 ] root type Node256
ins loop pre, i 450 rec [ 124, 116, 128, 15 ] root type Node256
ins loop post, i 450 rec [ 124, 116, 128, 15 ] root type Node256
ins loop pre, i 451 rec [ 63, 242, 86, 121 ] root type Node256
ins loop post, i 451 rec [ 63, 242, 86, 121 ] root type Node256
ins loop pre, i 452 rec [ 97, 229, 148, 67 ] root type Node256
ins loop post, i 452 rec [ 97, 229, 148, 67 ] root type Node256
ins loop pre, i 453 rec [ 178, 240, 16, 29 ] root type Node256
ins loop post, i 453 rec [ 178, 240, 16, 29 ] root type Node256
ins loop pre, i 454 rec [ 147, 186, 255, 123 ] root type Node256
ins loop post, i 454 rec [ 147, 186, 255, 123 ] root type Node256
ins loop pre, i 455 rec [ 193, 52, 91, 163 ] root type Node256
ins loop post, i 455 rec [ 193, 52, 91, 163 ] root type Node256
ins loop pre, i 456 rec [ 192, 220, 121, 161 ] root type Node256
ins loop post, i 456 rec [ 192, 220, 121, 161 ] root type Node256
ins loop pre, i 457 rec [ 74, 228, 34, 10 ] root type Node256
ins loop post, i 457 rec [ 74, 228, 34, 10 ] root type Node256
ins loop pre, i 458 rec [ 220, 241, 62, 105 ] root type Node256
ins loop post, i 458 rec [ 220, 241, 62, 105 ] root type Node256
ins loop pre, i 459 rec [ 105, 73, 102, 36 ] root type Node256
ins loop post, i 459 rec [ 105, 73, 102, 36 ] root type Node256
ins loop pre, i 460 rec [ 82, 221, 108, 243 ] root type Node256
ins loop post, i 460 rec [ 82, 221, 108, 243 ] root type Node256
ins loop pre, i 461 rec [ 80, 98, 198, 166 ] root type Node256
ins loop post, i 461 rec [ 80, 98, 198, 166 ] root type Node256
ins loop pre, i 462 rec [ 107, 107, 223, 165 ] root type Node256
ins loop post, i 462 rec [ 107, 107, 223, 165 ] root type Node256
ins loop pre, i 463 rec [ 174, 179, 72, 101 ] root type Node256
ins loop post, i 463 rec [ 174, 179, 72, 101 ] root type Node256
ins loop pre, i 464 rec [ 241, 142, 14, 222 ] root type Node256
ins loop post, i 464 rec [ 241, 142, 14, 222 ] root type Node256
ins loop pre, i 465 rec [ 6, 51, 96, 121 ] root type Node256
ins loop post, i 465 rec [ 6, 51, 96, 121 ] root type Node256
ins loop pre, i 466 rec [ 214, 85, 179, 198 ] root type Node256
ins loop post, i 466 rec [ 214, 85, 179, 198 ] root type Node256
ins loop pre, i 467 rec [ 96, 91, 64, 50 ] root type Node256
ins loop post, i 467 rec [ 96, 91, 64, 50 ] root type Node256
ins loop pre, i 468 rec [ 91, 2, 215, 106 ] root type Node256
ins loop post, i 468 rec [ 91, 2, 215, 106 ] root type Node256
ins loop pre, i 469 rec [ 169, 249, 96, 254 ] root type Node256
ins loop post, i 469 rec [ 169, 249, 96, 254 ] root type Node256
ins loop pre, i 470 rec [ 20, 189, 245, 111 ] root type Node256
ins loop post, i 470 rec [ 20, 189, 245, 111 ] root type Node256
ins loop pre, i 471 rec [ 76, 184, 80, 125 ] root type Node256
ins loop post, i 471 rec [ 76, 184, 80, 125 ] root type Node256
ins loop pre, i 472 rec [ 239, 84, 204, 165 ] root type Node256
ins loop post, i 472 rec [ 239, 84, 204, 165 ] root type Node256
ins loop pre, i 473 rec [ 228, 103, 217, 15 ] root type Node256
ins loop post, i 473 rec [ 228, 103, 217, 15 ] root type Node256
ins loop pre, i 474 rec [ 148, 87, 79, 70 ] root type Node256
ins loop post, i 474 rec [ 148, 87, 79, 70 ] root type Node256
ins loop pre, i 475 rec [ 23, 138, 22, 227 ] root type Node256
ins loop post, i 475 rec [ 23, 138, 22, 227 ] root type Node256
ins loop pre, i 476 rec [ 249, 49, 207, 214 ] root type Node256
ins loop post, i 476 rec [ 249, 49, 207, 214 ] root type Node256
ins loop pre, i 477 rec [ 209, 231, 17, 2 ] root type Node256
ins loop post, i 477 rec [ 209, 231, 17, 2 ] root type Node256
ins loop pre, i 478 rec [ 48, 19, 179, 18 ] root type Node256
ins loop post, i 478 rec [ 48, 19, 179, 18 ] root type Node256
ins loop pre, i 479 rec [ 221, 205, 202, 6 ] root type Node256
ins loop post, i 479 rec [ 221, 205, 202, 6 ] root type Node256
ins loop pre, i 480 rec [ 86, 148, 48, 253 ] root type Node256
ins loop post, i 480 rec [ 86, 148, 48, 253 ] root type Node256
ins loop pre, i 481 rec [ 63, 237, 210, 19 ] root type Node256
ins loop post, i 481 rec [ 63, 237, 210, 19 ] root type Node256
ins loop pre, i 482 rec [ 182, 53, 103, 21 ] root type Node256
ins loop post, i 482 rec [ 182, 53, 103, 21 ] root type Node256
ins loop pre, i 483 rec [ 186, 125, 37, 237 ] root type Node256
ins loop post, i 483 rec [ 186, 125, 37, 237 ] root type Node256
ins loop pre, i 484 rec [ 251, 159, 127, 213 ] root type Node256
ins loop post, i 484 rec [ 251, 159, 127, 213 ] root type Node256
ins loop pre, i 485 rec [ 156, 222, 47, 204 ] root type Node256
ins loop post, i 485 rec [ 156, 222, 47, 204 ] root type Node256
ins loop pre, i 486 rec [ 71, 168, 198, 205 ] root type Node256
ins loop post, i 486 rec [ 71, 168, 198, 205 ] root type Node256
ins loop pre, i 487 rec [ 24, 73, 137, 223 ] root type Node256
ins loop post, i 487 rec [ 24, 73, 137, 223 ] root type Node256
ins loop pre, i 488 rec [ 93, 109, 109, 175 ] root type Node256
ins loop post, i 488 rec [ 93, 109, 109, 175 ] root type Node256
ins loop pre, i 489 rec [ 245, 47, 152, 50 ] root type Node256
ins loop post, i 489 rec [ 245, 47, 152, 50 ] root type Node256
ins loop pre, i 490 rec [ 141, 9, 36, 170 ] root type Node256
ins loop post, i 490 rec [ 141, 9, 36, 170 ] root type Node256
ins loop pre, i 491 rec [ 76, 6, 136, 98 ] root type Node256
ins loop post, i 491 rec [ 76, 6, 136, 98 ] root type Node256
ins loop pre, i 492 rec [ 130, 53, 55, 166 ] root type Node256
ins loop post, i 492 rec [ 130, 53, 55, 166 ] root type Node256
ins loop pre, i 493 rec [ 64, 175, 15, 127 ] root type Node256
ins loop post, i 493 rec [ 64, 175, 15, 127 ] root type Node256
ins loop pre, i 494 rec [ 148, 51, 22, 88 ] root type Node256
ins loop post, i 494 rec [ 148, 51, 22, 88 ] root type Node256
ins loop pre, i 495 rec [ 105, 7, 230, 14 ] root type Node256
ins loop post, i 495 rec [ 105, 7, 230, 14 ] root type Node256
ins loop pre, i 496 rec [ 136, 250, 140, 51 ] root type Node256
ins loop post, i 496 rec [ 136, 250, 140, 51 ] root type Node256
ins loop pre, i 497 rec [ 113, 105, 160, 33 ] root type Node256
ins loop post, i 497 rec [ 113, 105, 160, 33 ] root type Node256
ins loop pre, i 498 rec [ 179, 70, 72, 175 ] root type Node256
ins loop post, i 498 rec [ 179, 70, 72, 175 ] root type Node256
ins loop pre, i 499 rec [ 229, 5, 7, 87 ] root type Node256
ins loop post, i 499 rec [ 229, 5, 7, 87 ] root type Node256
failures: 1, successes: 0, label: canary failure
failures: 1, successes: 499, label: key inserted into tree is yielded when sought
